11:11:42 **** Clean-only build of configuration Debug for project an5642_test ****
make clean 
rm -rf  ./src/i2c/PS_i2c.o  ./src/dynclk/dynclk.o  ./src/display_ctrl/display_ctrl.o  ./src/display_demo.o ./src/ov5640.o ./src/tyb.o ./src/vdma.o  ./src/i2c/PS_i2c.d  ./src/dynclk/dynclk.d  ./src/display_ctrl/display_ctrl.d  ./src/display_demo.d ./src/ov5640.d ./src/tyb.d ./src/vdma.d  an5642_test.elf.size  an5642_test.elf
' '
11:11:42 **** Clean-only build of project an5642_test_bsp ****
make -k clean 
make -C ps7_cortexa9_0/libsrc/axivdma_v6_6/src -s clean 
make -C ps7_cortexa9_0/libsrc/conv1_v1_0/src -s clean 
rm: lstat¡®*.o¡¯Ê§°Ü: Invalid argument
make[1]: *** [Makefile:34: clean] Error 1
make: *** [Makefile:33: ps7_cortexa9_0/libsrc/conv1_v1_0/src/make.clean] Error 2
make -C ps7_cortexa9_0/libsrc/conv2_v1_0/src -s clean 
rm: lstat¡®*.o¡¯Ê§°Ü: Invalid argument
make[1]: *** [Makefile:34: clean] Error 1
make: *** [Makefile:33: ps7_cortexa9_0/libsrc/conv2_v1_0/src/make.clean] Error 2
make -C ps7_cortexa9_0/libsrc/conv3_v1_0/src -s clean 
rm: lstat¡®*.o¡¯Ê§°Ü: Invalid argument
make[1]: *** [Makefile:34: clean] Error 1
make: *** [Makefile:33: ps7_cortexa9_0/libsrc/conv3_v1_0/src/make.clean] Error 2
make -C ps7_cortexa9_0/libsrc/conv4_v1_0/src -s clean 
rm: lstat¡®*.o¡¯Ê§°Ü: Invalid argument
make[1]: *** [Makefile:34: clean] Error 1
make: *** [Makefile:33: ps7_cortexa9_0/libsrc/conv4_v1_0/src/make.clean] Error 2
make -C ps7_cortexa9_0/libsrc/coresightps_dcc_v1_4/src -s clean 
make -C ps7_cortexa9_0/libsrc/cpu_cortexa9_v2_7/src -s clean 
make -C ps7_cortexa9_0/libsrc/ddrps_v1_0/src -s clean 
make -C ps7_cortexa9_0/libsrc/devcfg_v3_5/src -s clean 
make -C ps7_cortexa9_0/libsrc/dmaps_v2_4/src -s clean 
make -C ps7_cortexa9_0/libsrc/emacps_v3_8/src -s clean 
make -C ps7_cortexa9_0/libsrc/gpiops_v3_4/src -s clean 
make -C ps7_cortexa9_0/libsrc/gpio_v4_3/src -s clean 
make -C ps7_cortexa9_0/libsrc/hls_core_1_v1_0/src -s clean 
rm: lstat¡®*.o¡¯Ê§°Ü: Invalid argument
make[1]: *** [Makefile:34: clean] Error 1
make: *** [Makefile:33: ps7_cortexa9_0/libsrc/hls_core_1_v1_0/src/make.clean] Error 2
make -C ps7_cortexa9_0/libsrc/iicps_v3_8/src -s clean 
make -C ps7_cortexa9_0/libsrc/qspips_v3_5/src -s clean 
make -C ps7_cortexa9_0/libsrc/scugic_v3_10/src -s clean 
make -C ps7_cortexa9_0/libsrc/scutimer_v2_1/src -s clean 
make -C ps7_cortexa9_0/libsrc/scuwdt_v2_1/src -s clean 
make -C ps7_cortexa9_0/libsrc/sdps_v3_6/src -s clean 
make -C ps7_cortexa9_0/libsrc/small_pic_v1_0/src -s clean 
rm: lstat¡®*.o¡¯Ê§°Ü: Invalid argument
make[1]: *** [Makefile:34: clean] Error 1
make: *** [Makefile:33: ps7_cortexa9_0/libsrc/small_pic_v1_0/src/make.clean] Error 2
make -C ps7_cortexa9_0/libsrc/standalone_v6_8/src -s clean 
make -C ps7_cortexa9_0/libsrc/uartps_v3_7/src -s clean 
make -C ps7_cortexa9_0/libsrc/usbps_v2_4/src -s clean 
make -C ps7_cortexa9_0/libsrc/vtc_v8_0/src -s clean 
make -C ps7_cortexa9_0/libsrc/xadcps_v2_3/src -s clean 
make: Target 'clean' not remade because of errors.
11:11:44 **** Build of project an5642_test_bsp ****
make -k all 
"Running Make include in ps7_cortexa9_0/libsrc/axivdma_v6_6/src"
make -C ps7_cortexa9_0/libsrc/axivdma_v6_6/src -s include  "SHELL=CMD" "COMPILER=arm-none-eabi-gcc" "ARCHIVER=arm-none-eabi-ar" "COMPILER_FLAGS=  -O2 -c" "EXTRA_COMPILER_FLAGS=-mcpu=cortex-a9 -mfpu=vfpv3 -mfloat-abi=hard -nostartfiles -g -Wall -Wextra"
"Running Make include in ps7_cortexa9_0/libsrc/conv1_v1_0/src"
make -C ps7_cortexa9_0/libsrc/conv1_v1_0/src -s include  "SHELL=CMD" "COMPILER=arm-none-eabi-gcc" "ARCHIVER=arm-none-eabi-ar" "COMPILER_FLAGS=  -O2 -c" "EXTRA_COMPILER_FLAGS=-mcpu=cortex-a9 -mfpu=vfpv3 -mfloat-abi=hard -nostartfiles -g -Wall -Wextra"
"Running Make include in ps7_cortexa9_0/libsrc/conv2_v1_0/src"
make -C ps7_cortexa9_0/libsrc/conv2_v1_0/src -s include  "SHELL=CMD" "COMPILER=arm-none-eabi-gcc" "ARCHIVER=arm-none-eabi-ar" "COMPILER_FLAGS=  -O2 -c" "EXTRA_COMPILER_FLAGS=-mcpu=cortex-a9 -mfpu=vfpv3 -mfloat-abi=hard -nostartfiles -g -Wall -Wextra"
"Running Make include in ps7_cortexa9_0/libsrc/conv3_v1_0/src"
make -C ps7_cortexa9_0/libsrc/conv3_v1_0/src -s include  "SHELL=CMD" "COMPILER=arm-none-eabi-gcc" "ARCHIVER=arm-none-eabi-ar" "COMPILER_FLAGS=  -O2 -c" "EXTRA_COMPILER_FLAGS=-mcpu=cortex-a9 -mfpu=vfpv3 -mfloat-abi=hard -nostartfiles -g -Wall -Wextra"
"Running Make include in ps7_cortexa9_0/libsrc/conv4_v1_0/src"
make -C ps7_cortexa9_0/libsrc/conv4_v1_0/src -s include  "SHELL=CMD" "COMPILER=arm-none-eabi-gcc" "ARCHIVER=arm-none-eabi-ar" "COMPILER_FLAGS=  -O2 -c" "EXTRA_COMPILER_FLAGS=-mcpu=cortex-a9 -mfpu=vfpv3 -mfloat-abi=hard -nostartfiles -g -Wall -Wextra"
"Running Make include in ps7_cortexa9_0/libsrc/coresightps_dcc_v1_4/src"
make -C ps7_cortexa9_0/libsrc/coresightps_dcc_v1_4/src -s include  "SHELL=CMD" "COMPILER=arm-none-eabi-gcc" "ARCHIVER=arm-none-eabi-ar" "COMPILER_FLAGS=  -O2 -c" "EXTRA_COMPILER_FLAGS=-mcpu=cortex-a9 -mfpu=vfpv3 -mfloat-abi=hard -nostartfiles -g -Wall -Wextra"
"Running Make include in ps7_cortexa9_0/libsrc/cpu_cortexa9_v2_7/src"
make -C ps7_cortexa9_0/libsrc/cpu_cortexa9_v2_7/src -s include  "SHELL=CMD" "COMPILER=arm-none-eabi-gcc" "ARCHIVER=arm-none-eabi-ar" "COMPILER_FLAGS=  -O2 -c" "EXTRA_COMPILER_FLAGS=-mcpu=cortex-a9 -mfpu=vfpv3 -mfloat-abi=hard -nostartfiles -g -Wall -Wextra"
"Running Make include in ps7_cortexa9_0/libsrc/ddrps_v1_0/src"
make -C ps7_cortexa9_0/libsrc/ddrps_v1_0/src -s include  "SHELL=CMD" "COMPILER=arm-none-eabi-gcc" "ARCHIVER=arm-none-eabi-ar" "COMPILER_FLAGS=  -O2 -c" "EXTRA_COMPILER_FLAGS=-mcpu=cortex-a9 -mfpu=vfpv3 -mfloat-abi=hard -nostartfiles -g -Wall -Wextra"
"Running Make include in ps7_cortexa9_0/libsrc/devcfg_v3_5/src"
make -C ps7_cortexa9_0/libsrc/devcfg_v3_5/src -s include  "SHELL=CMD" "COMPILER=arm-none-eabi-gcc" "ARCHIVER=arm-none-eabi-ar" "COMPILER_FLAGS=  -O2 -c" "EXTRA_COMPILER_FLAGS=-mcpu=cortex-a9 -mfpu=vfpv3 -mfloat-abi=hard -nostartfiles -g -Wall -Wextra"
"Running Make include in ps7_cortexa9_0/libsrc/dmaps_v2_4/src"
make -C ps7_cortexa9_0/libsrc/dmaps_v2_4/src -s include  "SHELL=CMD" "COMPILER=arm-none-eabi-gcc" "ARCHIVER=arm-none-eabi-ar" "COMPILER_FLAGS=  -O2 -c" "EXTRA_COMPILER_FLAGS=-mcpu=cortex-a9 -mfpu=vfpv3 -mfloat-abi=hard -nostartfiles -g -Wall -Wextra"
"Running Make include in ps7_cortexa9_0/libsrc/emacps_v3_8/src"
make -C ps7_cortexa9_0/libsrc/emacps_v3_8/src -s include  "SHELL=CMD" "COMPILER=arm-none-eabi-gcc" "ARCHIVER=arm-none-eabi-ar" "COMPILER_FLAGS=  -O2 -c" "EXTRA_COMPILER_FLAGS=-mcpu=cortex-a9 -mfpu=vfpv3 -mfloat-abi=hard -nostartfiles -g -Wall -Wextra"
"Running Make include in ps7_cortexa9_0/libsrc/gpiops_v3_4/src"
make -C ps7_cortexa9_0/libsrc/gpiops_v3_4/src -s include  "SHELL=CMD" "COMPILER=arm-none-eabi-gcc" "ARCHIVER=arm-none-eabi-ar" "COMPILER_FLAGS=  -O2 -c" "EXTRA_COMPILER_FLAGS=-mcpu=cortex-a9 -mfpu=vfpv3 -mfloat-abi=hard -nostartfiles -g -Wall -Wextra"
"Running Make include in ps7_cortexa9_0/libsrc/gpio_v4_3/src"
make -C ps7_cortexa9_0/libsrc/gpio_v4_3/src -s include  "SHELL=CMD" "COMPILER=arm-none-eabi-gcc" "ARCHIVER=arm-none-eabi-ar" "COMPILER_FLAGS=  -O2 -c" "EXTRA_COMPILER_FLAGS=-mcpu=cortex-a9 -mfpu=vfpv3 -mfloat-abi=hard -nostartfiles -g -Wall -Wextra"
"Running Make include in ps7_cortexa9_0/libsrc/hls_core_1_v1_0/src"
make -C ps7_cortexa9_0/libsrc/hls_core_1_v1_0/src -s include  "SHELL=CMD" "COMPILER=arm-none-eabi-gcc" "ARCHIVER=arm-none-eabi-ar" "COMPILER_FLAGS=  -O2 -c" "EXTRA_COMPILER_FLAGS=-mcpu=cortex-a9 -mfpu=vfpv3 -mfloat-abi=hard -nostartfiles -g -Wall -Wextra"
"Running Make include in ps7_cortexa9_0/libsrc/iicps_v3_8/src"
make -C ps7_cortexa9_0/libsrc/iicps_v3_8/src -s include  "SHELL=CMD" "COMPILER=arm-none-eabi-gcc" "ARCHIVER=arm-none-eabi-ar" "COMPILER_FLAGS=  -O2 -c" "EXTRA_COMPILER_FLAGS=-mcpu=cortex-a9 -mfpu=vfpv3 -mfloat-abi=hard -nostartfiles -g -Wall -Wextra"
"Running Make include in ps7_cortexa9_0/libsrc/qspips_v3_5/src"
make -C ps7_cortexa9_0/libsrc/qspips_v3_5/src -s include  "SHELL=CMD" "COMPILER=arm-none-eabi-gcc" "ARCHIVER=arm-none-eabi-ar" "COMPILER_FLAGS=  -O2 -c" "EXTRA_COMPILER_FLAGS=-mcpu=cortex-a9 -mfpu=vfpv3 -mfloat-abi=hard -nostartfiles -g -Wall -Wextra"
"Running Make include in ps7_cortexa9_0/libsrc/scugic_v3_10/src"
make -C ps7_cortexa9_0/libsrc/scugic_v3_10/src -s include  "SHELL=CMD" "COMPILER=arm-none-eabi-gcc" "ARCHIVER=arm-none-eabi-ar" "COMPILER_FLAGS=  -O2 -c" "EXTRA_COMPILER_FLAGS=-mcpu=cortex-a9 -mfpu=vfpv3 -mfloat-abi=hard -nostartfiles -g -Wall -Wextra"
"Running Make include in ps7_cortexa9_0/libsrc/scutimer_v2_1/src"
make -C ps7_cortexa9_0/libsrc/scutimer_v2_1/src -s include  "SHELL=CMD" "COMPILER=arm-none-eabi-gcc" "ARCHIVER=arm-none-eabi-ar" "COMPILER_FLAGS=  -O2 -c" "EXTRA_COMPILER_FLAGS=-mcpu=cortex-a9 -mfpu=vfpv3 -mfloat-abi=hard -nostartfiles -g -Wall -Wextra"
"Running Make include in ps7_cortexa9_0/libsrc/scuwdt_v2_1/src"
make -C ps7_cortexa9_0/libsrc/scuwdt_v2_1/src -s include  "SHELL=CMD" "COMPILER=arm-none-eabi-gcc" "ARCHIVER=arm-none-eabi-ar" "COMPILER_FLAGS=  -O2 -c" "EXTRA_COMPILER_FLAGS=-mcpu=cortex-a9 -mfpu=vfpv3 -mfloat-abi=hard -nostartfiles -g -Wall -Wextra"
"Running Make include in ps7_cortexa9_0/libsrc/sdps_v3_6/src"
make -C ps7_cortexa9_0/libsrc/sdps_v3_6/src -s include  "SHELL=CMD" "COMPILER=arm-none-eabi-gcc" "ARCHIVER=arm-none-eabi-ar" "COMPILER_FLAGS=  -O2 -c" "EXTRA_COMPILER_FLAGS=-mcpu=cortex-a9 -mfpu=vfpv3 -mfloat-abi=hard -nostartfiles -g -Wall -Wextra"
"Running Make include in ps7_cortexa9_0/libsrc/small_pic_v1_0/src"
make -C ps7_cortexa9_0/libsrc/small_pic_v1_0/src -s include  "SHELL=CMD" "COMPILER=arm-none-eabi-gcc" "ARCHIVER=arm-none-eabi-ar" "COMPILER_FLAGS=  -O2 -c" "EXTRA_COMPILER_FLAGS=-mcpu=cortex-a9 -mfpu=vfpv3 -mfloat-abi=hard -nostartfiles -g -Wall -Wextra"
"Running Make include in ps7_cortexa9_0/libsrc/standalone_v6_8/src"
make -C ps7_cortexa9_0/libsrc/standalone_v6_8/src -s include  "SHELL=CMD" "COMPILER=arm-none-eabi-gcc" "ARCHIVER=arm-none-eabi-ar" "COMPILER_FLAGS=  -O2 -c" "EXTRA_COMPILER_FLAGS=-mcpu=cortex-a9 -mfpu=vfpv3 -mfloat-abi=hard -nostartfiles -g -Wall -Wextra"
"Running Make include in ps7_cortexa9_0/libsrc/uartps_v3_7/src"
make -C ps7_cortexa9_0/libsrc/uartps_v3_7/src -s include  "SHELL=CMD" "COMPILER=arm-none-eabi-gcc" "ARCHIVER=arm-none-eabi-ar" "COMPILER_FLAGS=  -O2 -c" "EXTRA_COMPILER_FLAGS=-mcpu=cortex-a9 -mfpu=vfpv3 -mfloat-abi=hard -nostartfiles -g -Wall -Wextra"
"Running Make include in ps7_cortexa9_0/libsrc/usbps_v2_4/src"
make -C ps7_cortexa9_0/libsrc/usbps_v2_4/src -s include  "SHELL=CMD" "COMPILER=arm-none-eabi-gcc" "ARCHIVER=arm-none-eabi-ar" "COMPILER_FLAGS=  -O2 -c" "EXTRA_COMPILER_FLAGS=-mcpu=cortex-a9 -mfpu=vfpv3 -mfloat-abi=hard -nostartfiles -g -Wall -Wextra"
"Running Make include in ps7_cortexa9_0/libsrc/vtc_v8_0/src"
make -C ps7_cortexa9_0/libsrc/vtc_v8_0/src -s include  "SHELL=CMD" "COMPILER=arm-none-eabi-gcc" "ARCHIVER=arm-none-eabi-ar" "COMPILER_FLAGS=  -O2 -c" "EXTRA_COMPILER_FLAGS=-mcpu=cortex-a9 -mfpu=vfpv3 -mfloat-abi=hard -nostartfiles -g -Wall -Wextra"
"Running Make include in ps7_cortexa9_0/libsrc/xadcps_v2_3/src"
make -C ps7_cortexa9_0/libsrc/xadcps_v2_3/src -s include  "SHELL=CMD" "COMPILER=arm-none-eabi-gcc" "ARCHIVER=arm-none-eabi-ar" "COMPILER_FLAGS=  -O2 -c" "EXTRA_COMPILER_FLAGS=-mcpu=cortex-a9 -mfpu=vfpv3 -mfloat-abi=hard -nostartfiles -g -Wall -Wextra"
"Running Make libs in ps7_cortexa9_0/libsrc/axivdma_v6_6/src"
make -C ps7_cortexa9_0/libsrc/axivdma_v6_6/src -s libs  "SHELL=CMD" "COMPILER=arm-none-eabi-gcc" "ARCHIVER=arm-none-eabi-ar" "COMPILER_FLAGS=  -O2 -c" "EXTRA_COMPILER_FLAGS=-mcpu=cortex-a9 -mfpu=vfpv3 -mfloat-abi=hard -nostartfiles -g -Wall -Wextra"
"Compiling axivdma"
"Running Make libs in ps7_cortexa9_0/libsrc/conv1_v1_0/src"
make -C ps7_cortexa9_0/libsrc/conv1_v1_0/src -s libs  "SHELL=CMD" "COMPILER=arm-none-eabi-gcc" "ARCHIVER=arm-none-eabi-ar" "COMPILER_FLAGS=  -O2 -c" "EXTRA_COMPILER_FLAGS=-mcpu=cortex-a9 -mfpu=vfpv3 -mfloat-abi=hard -nostartfiles -g -Wall -Wextra"
"Compiling conv1"
"Running Make libs in ps7_cortexa9_0/libsrc/conv2_v1_0/src"
make -C ps7_cortexa9_0/libsrc/conv2_v1_0/src -s libs  "SHELL=CMD" "COMPILER=arm-none-eabi-gcc" "ARCHIVER=arm-none-eabi-ar" "COMPILER_FLAGS=  -O2 -c" "EXTRA_COMPILER_FLAGS=-mcpu=cortex-a9 -mfpu=vfpv3 -mfloat-abi=hard -nostartfiles -g -Wall -Wextra"
"Compiling conv2"
"Running Make libs in ps7_cortexa9_0/libsrc/conv3_v1_0/src"
make -C ps7_cortexa9_0/libsrc/conv3_v1_0/src -s libs  "SHELL=CMD" "COMPILER=arm-none-eabi-gcc" "ARCHIVER=arm-none-eabi-ar" "COMPILER_FLAGS=  -O2 -c" "EXTRA_COMPILER_FLAGS=-mcpu=cortex-a9 -mfpu=vfpv3 -mfloat-abi=hard -nostartfiles -g -Wall -Wextra"
"Compiling conv3"
"Running Make libs in ps7_cortexa9_0/libsrc/conv4_v1_0/src"
make -C ps7_cortexa9_0/libsrc/conv4_v1_0/src -s libs  "SHELL=CMD" "COMPILER=arm-none-eabi-gcc" "ARCHIVER=arm-none-eabi-ar" "COMPILER_FLAGS=  -O2 -c" "EXTRA_COMPILER_FLAGS=-mcpu=cortex-a9 -mfpu=vfpv3 -mfloat-abi=hard -nostartfiles -g -Wall -Wextra"
"Compiling conv4"
"Running Make libs in ps7_cortexa9_0/libsrc/coresightps_dcc_v1_4/src"
make -C ps7_cortexa9_0/libsrc/coresightps_dcc_v1_4/src -s libs  "SHELL=CMD" "COMPILER=arm-none-eabi-gcc" "ARCHIVER=arm-none-eabi-ar" "COMPILER_FLAGS=  -O2 -c" "EXTRA_COMPILER_FLAGS=-mcpu=cortex-a9 -mfpu=vfpv3 -mfloat-abi=hard -nostartfiles -g -Wall -Wextra"
"Compiling coresightps_dcc"
"Running Make libs in ps7_cortexa9_0/libsrc/cpu_cortexa9_v2_7/src"
make -C ps7_cortexa9_0/libsrc/cpu_cortexa9_v2_7/src -s libs  "SHELL=CMD" "COMPILER=arm-none-eabi-gcc" "ARCHIVER=arm-none-eabi-ar" "COMPILER_FLAGS=  -O2 -c" "EXTRA_COMPILER_FLAGS=-mcpu=cortex-a9 -mfpu=vfpv3 -mfloat-abi=hard -nostartfiles -g -Wall -Wextra"
"Compiling cpu_cortexa9"
"Running Make libs in ps7_cortexa9_0/libsrc/ddrps_v1_0/src"
make -C ps7_cortexa9_0/libsrc/ddrps_v1_0/src -s libs  "SHELL=CMD" "COMPILER=arm-none-eabi-gcc" "ARCHIVER=arm-none-eabi-ar" "COMPILER_FLAGS=  -O2 -c" "EXTRA_COMPILER_FLAGS=-mcpu=cortex-a9 -mfpu=vfpv3 -mfloat-abi=hard -nostartfiles -g -Wall -Wextra"
"Compiling ddrps"
"Running Make libs in ps7_cortexa9_0/libsrc/devcfg_v3_5/src"
make -C ps7_cortexa9_0/libsrc/devcfg_v3_5/src -s libs  "SHELL=CMD" "COMPILER=arm-none-eabi-gcc" "ARCHIVER=arm-none-eabi-ar" "COMPILER_FLAGS=  -O2 -c" "EXTRA_COMPILER_FLAGS=-mcpu=cortex-a9 -mfpu=vfpv3 -mfloat-abi=hard -nostartfiles -g -Wall -Wextra"
"Compiling devcfg"
"Running Make libs in ps7_cortexa9_0/libsrc/dmaps_v2_4/src"
make -C ps7_cortexa9_0/libsrc/dmaps_v2_4/src -s libs  "SHELL=CMD" "COMPILER=arm-none-eabi-gcc" "ARCHIVER=arm-none-eabi-ar" "COMPILER_FLAGS=  -O2 -c" "EXTRA_COMPILER_FLAGS=-mcpu=cortex-a9 -mfpu=vfpv3 -mfloat-abi=hard -nostartfiles -g -Wall -Wextra"
"Compiling dmaps"
"Running Make libs in ps7_cortexa9_0/libsrc/emacps_v3_8/src"
make -C ps7_cortexa9_0/libsrc/emacps_v3_8/src -s libs  "SHELL=CMD" "COMPILER=arm-none-eabi-gcc" "ARCHIVER=arm-none-eabi-ar" "COMPILER_FLAGS=  -O2 -c" "EXTRA_COMPILER_FLAGS=-mcpu=cortex-a9 -mfpu=vfpv3 -mfloat-abi=hard -nostartfiles -g -Wall -Wextra"
"Compiling emacps"
"Running Make libs in ps7_cortexa9_0/libsrc/gpiops_v3_4/src"
make -C ps7_cortexa9_0/libsrc/gpiops_v3_4/src -s libs  "SHELL=CMD" "COMPILER=arm-none-eabi-gcc" "ARCHIVER=arm-none-eabi-ar" "COMPILER_FLAGS=  -O2 -c" "EXTRA_COMPILER_FLAGS=-mcpu=cortex-a9 -mfpu=vfpv3 -mfloat-abi=hard -nostartfiles -g -Wall -Wextra"
"Compiling gpiops"
"Running Make libs in ps7_cortexa9_0/libsrc/gpio_v4_3/src"
make -C ps7_cortexa9_0/libsrc/gpio_v4_3/src -s libs  "SHELL=CMD" "COMPILER=arm-none-eabi-gcc" "ARCHIVER=arm-none-eabi-ar" "COMPILER_FLAGS=  -O2 -c" "EXTRA_COMPILER_FLAGS=-mcpu=cortex-a9 -mfpu=vfpv3 -mfloat-abi=hard -nostartfiles -g -Wall -Wextra"
"Compiling gpio"
"Running Make libs in ps7_cortexa9_0/libsrc/hls_core_1_v1_0/src"
make -C ps7_cortexa9_0/libsrc/hls_core_1_v1_0/src -s libs  "SHELL=CMD" "COMPILER=arm-none-eabi-gcc" "ARCHIVER=arm-none-eabi-ar" "COMPILER_FLAGS=  -O2 -c" "EXTRA_COMPILER_FLAGS=-mcpu=cortex-a9 -mfpu=vfpv3 -mfloat-abi=hard -nostartfiles -g -Wall -Wextra"
"Compiling hls_core_1"
"Running Make libs in ps7_cortexa9_0/libsrc/iicps_v3_8/src"
make -C ps7_cortexa9_0/libsrc/iicps_v3_8/src -s libs  "SHELL=CMD" "COMPILER=arm-none-eabi-gcc" "ARCHIVER=arm-none-eabi-ar" "COMPILER_FLAGS=  -O2 -c" "EXTRA_COMPILER_FLAGS=-mcpu=cortex-a9 -mfpu=vfpv3 -mfloat-abi=hard -nostartfiles -g -Wall -Wextra"
"Compiling iicps"
"Running Make libs in ps7_cortexa9_0/libsrc/qspips_v3_5/src"
make -C ps7_cortexa9_0/libsrc/qspips_v3_5/src -s libs  "SHELL=CMD" "COMPILER=arm-none-eabi-gcc" "ARCHIVER=arm-none-eabi-ar" "COMPILER_FLAGS=  -O2 -c" "EXTRA_COMPILER_FLAGS=-mcpu=cortex-a9 -mfpu=vfpv3 -mfloat-abi=hard -nostartfiles -g -Wall -Wextra"
"Compiling qspips"
"Running Make libs in ps7_cortexa9_0/libsrc/scugic_v3_10/src"
make -C ps7_cortexa9_0/libsrc/scugic_v3_10/src -s libs  "SHELL=CMD" "COMPILER=arm-none-eabi-gcc" "ARCHIVER=arm-none-eabi-ar" "COMPILER_FLAGS=  -O2 -c" "EXTRA_COMPILER_FLAGS=-mcpu=cortex-a9 -mfpu=vfpv3 -mfloat-abi=hard -nostartfiles -g -Wall -Wextra"
"Compiling scugic"
"Running Make libs in ps7_cortexa9_0/libsrc/scutimer_v2_1/src"
make -C ps7_cortexa9_0/libsrc/scutimer_v2_1/src -s libs  "SHELL=CMD" "COMPILER=arm-none-eabi-gcc" "ARCHIVER=arm-none-eabi-ar" "COMPILER_FLAGS=  -O2 -c" "EXTRA_COMPILER_FLAGS=-mcpu=cortex-a9 -mfpu=vfpv3 -mfloat-abi=hard -nostartfiles -g -Wall -Wextra"
"Compiling scutimer"
"Running Make libs in ps7_cortexa9_0/libsrc/scuwdt_v2_1/src"
make -C ps7_cortexa9_0/libsrc/scuwdt_v2_1/src -s libs  "SHELL=CMD" "COMPILER=arm-none-eabi-gcc" "ARCHIVER=arm-none-eabi-ar" "COMPILER_FLAGS=  -O2 -c" "EXTRA_COMPILER_FLAGS=-mcpu=cortex-a9 -mfpu=vfpv3 -mfloat-abi=hard -nostartfiles -g -Wall -Wextra"
"Compiling scuwdt"
"Running Make libs in ps7_cortexa9_0/libsrc/sdps_v3_6/src"
make -C ps7_cortexa9_0/libsrc/sdps_v3_6/src -s libs  "SHELL=CMD" "COMPILER=arm-none-eabi-gcc" "ARCHIVER=arm-none-eabi-ar" "COMPILER_FLAGS=  -O2 -c" "EXTRA_COMPILER_FLAGS=-mcpu=cortex-a9 -mfpu=vfpv3 -mfloat-abi=hard -nostartfiles -g -Wall -Wextra"
"Compiling sdps"
"Running Make libs in ps7_cortexa9_0/libsrc/small_pic_v1_0/src"
make -C ps7_cortexa9_0/libsrc/small_pic_v1_0/src -s libs  "SHELL=CMD" "COMPILER=arm-none-eabi-gcc" "ARCHIVER=arm-none-eabi-ar" "COMPILER_FLAGS=  -O2 -c" "EXTRA_COMPILER_FLAGS=-mcpu=cortex-a9 -mfpu=vfpv3 -mfloat-abi=hard -nostartfiles -g -Wall -Wextra"
"Compiling small_pic"
"Running Make libs in ps7_cortexa9_0/libsrc/standalone_v6_8/src"
make -C ps7_cortexa9_0/libsrc/standalone_v6_8/src -s libs  "SHELL=CMD" "COMPILER=arm-none-eabi-gcc" "ARCHIVER=arm-none-eabi-ar" "COMPILER_FLAGS=  -O2 -c" "EXTRA_COMPILER_FLAGS=-mcpu=cortex-a9 -mfpu=vfpv3 -mfloat-abi=hard -nostartfiles -g -Wall -Wextra"
"Compiling standalone"
In file included from usleep.c:56:0:
xtime_l.h:87:9: note: #pragma message: For the sleep routines, Global timer is being used
 #pragma message ("For the sleep routines, Global timer is being used")
         ^~~~~~~
In file included from xil_sleeptimer.c:51:0:
xtime_l.h:87:9: note: #pragma message: For the sleep routines, Global timer is being used
 #pragma message ("For the sleep routines, Global timer is being used")
         ^~~~~~~
In file included from xtime_l.c:49:0:
xtime_l.h:87:9: note: #pragma message: For the sleep routines, Global timer is being used
 #pragma message ("For the sleep routines, Global timer is being used")
         ^~~~~~~
In file included from sleep.c:53:0:
xtime_l.h:87:9: note: #pragma message: For the sleep routines, Global timer is being used
 #pragma message ("For the sleep routines, Global timer is being used")
         ^~~~~~~
"Running Make libs in ps7_cortexa9_0/libsrc/uartps_v3_7/src"
make -C ps7_cortexa9_0/libsrc/uartps_v3_7/src -s libs  "SHELL=CMD" "COMPILER=arm-none-eabi-gcc" "ARCHIVER=arm-none-eabi-ar" "COMPILER_FLAGS=  -O2 -c" "EXTRA_COMPILER_FLAGS=-mcpu=cortex-a9 -mfpu=vfpv3 -mfloat-abi=hard -nostartfiles -g -Wall -Wextra"
"Compiling uartps"
"Running Make libs in ps7_cortexa9_0/libsrc/usbps_v2_4/src"
make -C ps7_cortexa9_0/libsrc/usbps_v2_4/src -s libs  "SHELL=CMD" "COMPILER=arm-none-eabi-gcc" "ARCHIVER=arm-none-eabi-ar" "COMPILER_FLAGS=  -O2 -c" "EXTRA_COMPILER_FLAGS=-mcpu=cortex-a9 -mfpu=vfpv3 -mfloat-abi=hard -nostartfiles -g -Wall -Wextra"
"Compiling usbps"
"Running Make libs in ps7_cortexa9_0/libsrc/vtc_v8_0/src"
make -C ps7_cortexa9_0/libsrc/vtc_v8_0/src -s libs  "SHELL=CMD" "COMPILER=arm-none-eabi-gcc" "ARCHIVER=arm-none-eabi-ar" "COMPILER_FLAGS=  -O2 -c" "EXTRA_COMPILER_FLAGS=-mcpu=cortex-a9 -mfpu=vfpv3 -mfloat-abi=hard -nostartfiles -g -Wall -Wextra"
"Compiling video timing controller"
"Running Make libs in ps7_cortexa9_0/libsrc/xadcps_v2_3/src"
make -C ps7_cortexa9_0/libsrc/xadcps_v2_3/src -s libs  "SHELL=CMD" "COMPILER=arm-none-eabi-gcc" "ARCHIVER=arm-none-eabi-ar" "COMPILER_FLAGS=  -O2 -c" "EXTRA_COMPILER_FLAGS=-mcpu=cortex-a9 -mfpu=vfpv3 -mfloat-abi=hard -nostartfiles -g -Wall -Wextra"
"Compiling xadcps"
'Finished building libraries'
11:12:10 **** Build of configuration Debug for project an5642_test ****
make pre-build main-build 
a9-linaro-pre-build-step
' '
'Building file: ../src/i2c/PS_i2c.c'
'Invoking: ARM v7 gcc compiler'
arm-none-eabi-gcc -Wall -O0 -g3 -c -fmessage-length=0 -MT"src/i2c/PS_i2c.o" -mcpu=cortex-a9 -mfpu=vfpv3 -mfloat-abi=hard -I../../an5642_test_bsp/ps7_cortexa9_0/include -MMD -MP -MF"src/i2c/PS_i2c.d" -MT"src/i2c/PS_i2c.o" -o "src/i2c/PS_i2c.o" "../src/i2c/PS_i2c.c"
'Finished building: ../src/i2c/PS_i2c.c'
' '
'Building file: ../src/dynclk/dynclk.c'
'Invoking: ARM v7 gcc compiler'
arm-none-eabi-gcc -Wall -O0 -g3 -c -fmessage-length=0 -MT"src/dynclk/dynclk.o" -mcpu=cortex-a9 -mfpu=vfpv3 -mfloat-abi=hard -I../../an5642_test_bsp/ps7_cortexa9_0/include -MMD -MP -MF"src/dynclk/dynclk.d" -MT"src/dynclk/dynclk.o" -o "src/dynclk/dynclk.o" "../src/dynclk/dynclk.c"
'Finished building: ../src/dynclk/dynclk.c'
' '
'Building file: ../src/display_ctrl/display_ctrl.c'
'Invoking: ARM v7 gcc compiler'
arm-none-eabi-gcc -Wall -O0 -g3 -c -fmessage-length=0 -MT"src/display_ctrl/display_ctrl.o" -mcpu=cortex-a9 -mfpu=vfpv3 -mfloat-abi=hard -I../../an5642_test_bsp/ps7_cortexa9_0/include -MMD -MP -MF"src/display_ctrl/display_ctrl.d" -MT"src/display_ctrl/display_ctrl.o" -o "src/display_ctrl/display_ctrl.o" "../src/display_ctrl/display_ctrl.c"
'Finished building: ../src/display_ctrl/display_ctrl.c'
' '
'Building file: ../src/display_demo.c'
'Invoking: ARM v7 gcc compiler'
arm-none-eabi-gcc -Wall -O0 -g3 -c -fmessage-length=0 -MT"src/display_demo.o" -mcpu=cortex-a9 -mfpu=vfpv3 -mfloat-abi=hard -I../../an5642_test_bsp/ps7_cortexa9_0/include -MMD -MP -MF"src/display_demo.d" -MT"src/display_demo.o" -o "src/display_demo.o" "../src/display_demo.c"
In file included from ../src/tyb.h:42:0,
                 from ../src/display_demo.c:13:
../../an5642_test_bsp/ps7_cortexa9_0/include/xtime_l.h:87:9: note: #pragma message: For the sleep routines, Global timer is being used
 #pragma message ("For the sleep routines, Global timer is being used")
         ^~~~~~~
../src/display_demo.c: In function 'main':
../src/display_demo.c:125:65: warning: passing argument 5 of 'vdma_write_init' makes integer from pointer without a cast [-Wint-conversion]
  vdma_write_init(XPAR_AXIVDMA_1_DEVICE_ID,1280 * 3,720,1280 * 3,pFrames[0]);
                                                                 ^~~~~~~
In file included from ../src/tyb.h:25:0,
                 from ../src/display_demo.c:13:
../src/vdma.h:9:5: note: expected 'unsigned int' but argument is of type 'u8 * {aka unsigned char *}'
 int vdma_write_init(short DeviceID,short HoriSizeInput,short VertSizeInput,short Stride,unsigned int FrameStoreStartAddr);
     ^~~~~~~~~~~~~~~
../src/display_demo.c:284:24: warning: passing argument 2 of 'rgb2grey' from incompatible pointer type [-Wincompatible-pointer-types]
    rgb2grey(pFrames[0],tar_small_pic);
                        ^~~~~~~~~~~~~
In file included from ../src/display_demo.c:13:0:
../src/tyb.h:101:6: note: expected 'float **' but argument is of type 'float (*)[240]'
 void rgb2grey(u8 *img,float **dst);
      ^~~~~~~~
../src/display_demo.c:341:6: warning: "/*" within comment [-Wcomment]
     }/*
       
../src/display_demo.c:318:5: error: unterminated comment
     /*if(conv_finish==1)
     ^
../src/display_demo.c:284:4: error: expected declaration or statement at end of input
    rgb2grey(pFrames[0],tar_small_pic);
    ^~~~~~~~
../src/display_demo.c:284:4: error: expected declaration or statement at end of input
../src/display_demo.c:60:11: warning: unused variable 'j' [-Wunused-variable]
     int i,j;
           ^
../src/display_demo.c:56:28: warning: unused variable 'pixel_index' [-Wunused-variable]
  int step_img_x,step_img_y,pixel_index;
                            ^~~~~~~~~~~
../src/display_demo.c:56:17: warning: unused variable 'step_img_y' [-Wunused-variable]
  int step_img_x,step_img_y,pixel_index;
                 ^~~~~~~~~~
../src/display_demo.c:56:6: warning: unused variable 'step_img_x' [-Wunused-variable]
  int step_img_x,step_img_y,pixel_index;
      ^~~~~~~~~~
make: *** [src/subdir.mk:32: src/display_demo.o] Error 1
11:12:52 **** Auto Build of configuration Debug for project an5642_test ****
make pre-build main-build 
a9-linaro-pre-build-step
' '
'Building file: ../src/display_demo.c'
'Invoking: ARM v7 gcc compiler'
arm-none-eabi-gcc -Wall -O0 -g3 -c -fmessage-length=0 -MT"src/display_demo.o" -mcpu=cortex-a9 -mfpu=vfpv3 -mfloat-abi=hard -I../../an5642_test_bsp/ps7_cortexa9_0/include -MMD -MP -MF"src/display_demo.d" -MT"src/display_demo.o" -o "src/display_demo.o" "../src/display_demo.c"
In file included from ../src/tyb.h:42:0,
                 from ../src/display_demo.c:13:
../../an5642_test_bsp/ps7_cortexa9_0/include/xtime_l.h:87:9: note: #pragma message: For the sleep routines, Global timer is being used
 #pragma message ("For the sleep routines, Global timer is being used")
         ^~~~~~~
../src/display_demo.c: In function 'main':
../src/display_demo.c:125:65: warning: passing argument 5 of 'vdma_write_init' makes integer from pointer without a cast [-Wint-conversion]
  vdma_write_init(XPAR_AXIVDMA_1_DEVICE_ID,1280 * 3,720,1280 * 3,pFrames[0]);
                                                                 ^~~~~~~
In file included from ../src/tyb.h:25:0,
                 from ../src/display_demo.c:13:
../src/vdma.h:9:5: note: expected 'unsigned int' but argument is of type 'u8 * {aka unsigned char *}'
 int vdma_write_init(short DeviceID,short HoriSizeInput,short VertSizeInput,short Stride,unsigned int FrameStoreStartAddr);
     ^~~~~~~~~~~~~~~
../src/display_demo.c:284:4: error: too few arguments to function 'rgb2grey'
    rgb2grey(pFrames[0]);///,tar_small_pic);
    ^~~~~~~~
In file included from ../src/display_demo.c:13:0:
../src/tyb.h:101:6: note: declared here
 void rgb2grey(u8 *img,float **dst);
      ^~~~~~~~
../src/display_demo.c:341:6: warning: "/*" within comment [-Wcomment]
     }/*
       
../src/display_demo.c:318:5: error: unterminated comment
     /*if(conv_finish==1)
     ^
../src/display_demo.c:284:4: error: expected declaration or statement at end of input
    rgb2grey(pFrames[0]);///,tar_small_pic);
    ^~~~~~~~
../src/display_demo.c:284:4: error: expected declaration or statement at end of input
../src/display_demo.c:60:11: warning: unused variable 'j' [-Wunused-variable]
     int i,j;
           ^
../src/display_demo.c:56:28: warning: unused variable 'pixel_index' [-Wunused-variable]
  int step_img_x,step_img_y,pixel_index;
                            ^~~~~~~~~~~
../src/display_demo.c:56:17: warning: unused variable 'step_img_y' [-Wunused-variable]
  int step_img_x,step_img_y,pixel_index;
                 ^~~~~~~~~~
../src/display_demo.c:56:6: warning: unused variable 'step_img_x' [-Wunused-variable]
  int step_img_x,step_img_y,pixel_index;
      ^~~~~~~~~~
make: *** [src/subdir.mk:32: src/display_demo.o] Error 1
11:12:53 **** Auto Build of configuration Debug for project an5642_test ****
make pre-build main-build 
a9-linaro-pre-build-step
' '
'Building file: ../src/display_demo.c'
'Invoking: ARM v7 gcc compiler'
arm-none-eabi-gcc -Wall -O0 -g3 -c -fmessage-length=0 -MT"src/display_demo.o" -mcpu=cortex-a9 -mfpu=vfpv3 -mfloat-abi=hard -I../../an5642_test_bsp/ps7_cortexa9_0/include -MMD -MP -MF"src/display_demo.d" -MT"src/display_demo.o" -o "src/display_demo.o" "../src/display_demo.c"
In file included from ../src/tyb.h:42:0,
                 from ../src/display_demo.c:13:
../../an5642_test_bsp/ps7_cortexa9_0/include/xtime_l.h:87:9: note: #pragma message: For the sleep routines, Global timer is being used
 #pragma message ("For the sleep routines, Global timer is being used")
         ^~~~~~~
../src/display_demo.c: In function 'main':
../src/display_demo.c:125:65: warning: passing argument 5 of 'vdma_write_init' makes integer from pointer without a cast [-Wint-conversion]
  vdma_write_init(XPAR_AXIVDMA_1_DEVICE_ID,1280 * 3,720,1280 * 3,pFrames[0]);
                                                                 ^~~~~~~
In file included from ../src/tyb.h:25:0,
                 from ../src/display_demo.c:13:
../src/vdma.h:9:5: note: expected 'unsigned int' but argument is of type 'u8 * {aka unsigned char *}'
 int vdma_write_init(short DeviceID,short HoriSizeInput,short VertSizeInput,short Stride,unsigned int FrameStoreStartAddr);
     ^~~~~~~~~~~~~~~
../src/display_demo.c:284:4: error: too few arguments to function 'rgb2grey'
    rgb2grey(pFrames[0]);///,tar_small_pic);
    ^~~~~~~~
In file included from ../src/display_demo.c:13:0:
../src/tyb.h:101:6: note: declared here
 void rgb2grey(u8 *img,float **dst);
      ^~~~~~~~
../src/display_demo.c:341:6: warning: "/*" within comment [-Wcomment]
     }/*
       
../src/display_demo.c:318:5: error: unterminated comment
     /*if(conv_finish==1)
     ^
../src/display_demo.c:284:4: error: expected declaration or statement at end of input
    rgb2grey(pFrames[0]);///,tar_small_pic);
    ^~~~~~~~
../src/display_demo.c:284:4: error: expected declaration or statement at end of input
../src/display_demo.c:60:11: warning: unused variable 'j' [-Wunused-variable]
     int i,j;
           ^
../src/display_demo.c:56:28: warning: unused variable 'pixel_index' [-Wunused-variable]
  int step_img_x,step_img_y,pixel_index;
                            ^~~~~~~~~~~
../src/display_demo.c:56:17: warning: unused variable 'step_img_y' [-Wunused-variable]
  int step_img_x,step_img_y,pixel_index;
                 ^~~~~~~~~~
../src/display_demo.c:56:6: warning: unused variable 'step_img_x' [-Wunused-variable]
  int step_img_x,step_img_y,pixel_index;
      ^~~~~~~~~~
make: *** [src/subdir.mk:32: src/display_demo.o] Error 1
11:12:55 **** Auto Build of configuration Debug for project an5642_test ****
make pre-build main-build 
a9-linaro-pre-build-step
' '
'Building file: ../src/display_demo.c'
'Invoking: ARM v7 gcc compiler'
arm-none-eabi-gcc -Wall -O0 -g3 -c -fmessage-length=0 -MT"src/display_demo.o" -mcpu=cortex-a9 -mfpu=vfpv3 -mfloat-abi=hard -I../../an5642_test_bsp/ps7_cortexa9_0/include -MMD -MP -MF"src/display_demo.d" -MT"src/display_demo.o" -o "src/display_demo.o" "../src/display_demo.c"
In file included from ../src/tyb.h:42:0,
                 from ../src/display_demo.c:13:
../../an5642_test_bsp/ps7_cortexa9_0/include/xtime_l.h:87:9: note: #pragma message: For the sleep routines, Global timer is being used
 #pragma message ("For the sleep routines, Global timer is being used")
         ^~~~~~~
../src/display_demo.c: In function 'rgb2grey':
../src/display_demo.c:45:4: error: alignment may not be specified for 'frameBuf'
 u8 frameBuf[DISPLAY_NUM_FRAMES][DEMO_MAX_FRAME] __attribute__ ((aligned(64)));
    ^~~~~~~~
../src/display_demo.c:47:4: error: alignment may not be specified for 'tyb_frameBuf'
 u8 tyb_frameBuf[DISPLAY_NUM_FRAMES][DEMO_MAX_FRAME] __attribute__ ((aligned(64)));
    ^~~~~~~~~~~~
../src/display_demo.c:55:1: error: expected '=', ',', ';', 'asm' or '__attribute__' before '{' token
 {
 ^
../src/display_demo.c:341:6: warning: "/*" within comment [-Wcomment]
     }/*
       
../src/display_demo.c:318:5: error: unterminated comment
     /*if(conv_finish==1)
     ^
In file included from ../src/display_demo.c:13:0:
../src/tyb.h:101:6: error: old-style parameter declarations in prototyped function definition
 void rgb2grey(u8 *img)//,float **dst);
      ^~~~~~~~
make: *** [src/subdir.mk:32: src/display_demo.o] Error 1
11:13:24 **** Auto Build of configuration Debug for project an5642_test ****
make pre-build main-build 
a9-linaro-pre-build-step
' '
'Building file: ../src/display_demo.c'
'Invoking: ARM v7 gcc compiler'
arm-none-eabi-gcc -Wall -O0 -g3 -c -fmessage-length=0 -MT"src/display_demo.o" -mcpu=cortex-a9 -mfpu=vfpv3 -mfloat-abi=hard -I../../an5642_test_bsp/ps7_cortexa9_0/include -MMD -MP -MF"src/display_demo.d" -MT"src/display_demo.o" -o "src/display_demo.o" "../src/display_demo.c"
In file included from ../src/tyb.h:42:0,
                 from ../src/display_demo.c:13:
../../an5642_test_bsp/ps7_cortexa9_0/include/xtime_l.h:87:9: note: #pragma message: For the sleep routines, Global timer is being used
 #pragma message ("For the sleep routines, Global timer is being used")
         ^~~~~~~
../src/display_demo.c: In function 'rgb2grey':
../src/display_demo.c:45:4: error: alignment may not be specified for 'frameBuf'
 u8 frameBuf[DISPLAY_NUM_FRAMES][DEMO_MAX_FRAME] __attribute__ ((aligned(64)));
    ^~~~~~~~
../src/display_demo.c:47:4: error: alignment may not be specified for 'tyb_frameBuf'
 u8 tyb_frameBuf[DISPLAY_NUM_FRAMES][DEMO_MAX_FRAME] __attribute__ ((aligned(64)));
    ^~~~~~~~~~~~
../src/display_demo.c:55:1: error: expected '=', ',', ';', 'asm' or '__attribute__' before '{' token
 {
 ^
In file included from ../src/display_demo.c:13:0:
../src/tyb.h:101:6: error: old-style parameter declarations in prototyped function definition
 void rgb2grey(u8 *img)//,float **dst);
      ^~~~~~~~
../src/display_demo.c:348:1: error: expected '{' at end of input
 }
 ^
make: *** [src/subdir.mk:32: src/display_demo.o] Error 1
11:14:22 **** Auto Build of configuration Debug for project an5642_test ****
make pre-build main-build 
a9-linaro-pre-build-step
' '
'Building file: ../src/display_demo.c'
'Invoking: ARM v7 gcc compiler'
arm-none-eabi-gcc -Wall -O0 -g3 -c -fmessage-length=0 -MT"src/display_demo.o" -mcpu=cortex-a9 -mfpu=vfpv3 -mfloat-abi=hard -I../../an5642_test_bsp/ps7_cortexa9_0/include -MMD -MP -MF"src/display_demo.d" -MT"src/display_demo.o" -o "src/display_demo.o" "../src/display_demo.c"
In file included from ../src/tyb.h:42:0,
                 from ../src/display_demo.c:13:
../../an5642_test_bsp/ps7_cortexa9_0/include/xtime_l.h:87:9: note: #pragma message: For the sleep routines, Global timer is being used
 #pragma message ("For the sleep routines, Global timer is being used")
         ^~~~~~~
../src/display_demo.c: In function 'main':
../src/display_demo.c:125:65: warning: passing argument 5 of 'vdma_write_init' makes integer from pointer without a cast [-Wint-conversion]
  vdma_write_init(XPAR_AXIVDMA_1_DEVICE_ID,1280 * 3,720,1280 * 3,pFrames[0]);
                                                                 ^~~~~~~
In file included from ../src/tyb.h:25:0,
                 from ../src/display_demo.c:13:
../src/vdma.h:9:5: note: expected 'unsigned int' but argument is of type 'u8 * {aka unsigned char *}'
 int vdma_write_init(short DeviceID,short HoriSizeInput,short VertSizeInput,short Stride,unsigned int FrameStoreStartAddr);
     ^~~~~~~~~~~~~~~
../src/display_demo.c:60:11: warning: unused variable 'j' [-Wunused-variable]
     int i,j;
           ^
../src/display_demo.c:56:28: warning: unused variable 'pixel_index' [-Wunused-variable]
  int step_img_x,step_img_y,pixel_index;
                            ^~~~~~~~~~~
../src/display_demo.c:56:17: warning: unused variable 'step_img_y' [-Wunused-variable]
  int step_img_x,step_img_y,pixel_index;
                 ^~~~~~~~~~
../src/display_demo.c:56:6: warning: unused variable 'step_img_x' [-Wunused-variable]
  int step_img_x,step_img_y,pixel_index;
      ^~~~~~~~~~
'Finished building: ../src/display_demo.c'
' '
'Building file: ../src/ov5640.c'
'Invoking: ARM v7 gcc compiler'
arm-none-eabi-gcc -Wall -O0 -g3 -c -fmessage-length=0 -MT"src/ov5640.o" -mcpu=cortex-a9 -mfpu=vfpv3 -mfloat-abi=hard -I../../an5642_test_bsp/ps7_cortexa9_0/include -MMD -MP -MF"src/ov5640.d" -MT"src/ov5640.o" -o "src/ov5640.o" "../src/ov5640.c"
'Finished building: ../src/ov5640.c'
' '
'Building file: ../src/tyb.c'
'Invoking: ARM v7 gcc compiler'
arm-none-eabi-gcc -Wall -O0 -g3 -c -fmessage-length=0 -MT"src/tyb.o" -mcpu=cortex-a9 -mfpu=vfpv3 -mfloat-abi=hard -I../../an5642_test_bsp/ps7_cortexa9_0/include -MMD -MP -MF"src/tyb.d" -MT"src/tyb.o" -o "src/tyb.o" "../src/tyb.c"
In file included from ../src/tyb.h:42:0,
                 from ../src/tyb.c:9:
../../an5642_test_bsp/ps7_cortexa9_0/include/xtime_l.h:87:9: note: #pragma message: For the sleep routines, Global timer is being used
 #pragma message ("For the sleep routines, Global timer is being used")
         ^~~~~~~
../src/tyb.c:229:33: warning: missing braces around initializer [-Wmissing-braces]
 float conv1_result[6][119][119]={0.0};
                                 ^
                                  {
                                  {  }
                                     }
../src/tyb.c:230:31: warning: missing braces around initializer [-Wmissing-braces]
 float conv2_result[6][58][58]={0.0};
                               ^
                                {
                                {  }
                                   }
../src/tyb.c:231:31: warning: missing braces around initializer [-Wmissing-braces]
 float conv3_result[8][56][56]={0.0};
                               ^
                                {
                                {  }
                                   }
../src/tyb.c:232:32: warning: missing braces around initializer [-Wmissing-braces]
 float conv4_result[10][54][54]={0.0};
                                ^
                                 {
                                 {  }
                                    }
../src/tyb.c: In function 'hls_core_1_Exception':
../src/tyb.c:282:8: warning: variable 'average' set but not used [-Wunused-but-set-variable]
  float average;
        ^~~~~~~
../src/tyb.c: In function 'conv1_Exception':
../src/tyb.c:327:7: warning: unused variable 'cout' [-Wunused-variable]
   int cout=6;
       ^~~~
../src/tyb.c:326:7: warning: unused variable 'wh' [-Wunused-variable]
   int wh=13;
       ^~
../src/tyb.c:325:9: warning: unused variable 'j' [-Wunused-variable]
   int i,j=0;
         ^
../src/tyb.c:325:7: warning: unused variable 'i' [-Wunused-variable]
   int i,j=0;
       ^
../src/tyb.c:323:9: warning: variable 'average' set but not used [-Wunused-but-set-variable]
   float average;
         ^~~~~~~
../src/tyb.c: In function 'conv2_Exception':
../src/tyb.c:357:37: warning: passing argument 1 of 'XConv1_InterruptGetStatus' from incompatible pointer type [-Wincompatible-pointer-types]
   state = XConv1_InterruptGetStatus(pXAverageInstance);
                                     ^~~~~~~~~~~~~~~~~
In file included from ../src/tyb.h:32:0,
                 from ../src/tyb.c:9:
../../an5642_test_bsp/ps7_cortexa9_0/include/xconv1.h:106:5: note: expected 'XConv1 * {aka struct <anonymous> *}' but argument is of type 'XConv2 * {aka struct <anonymous> *}'
 u32 XConv1_InterruptGetStatus(XConv1 *InstancePtr);
     ^~~~~~~~~~~~~~~~~~~~~~~~~
../src/tyb.c:356:7: warning: unused variable 'cout' [-Wunused-variable]
   int cout=6;
       ^~~~
../src/tyb.c:355:7: warning: unused variable 'wh' [-Wunused-variable]
   int wh=11;
       ^~
../src/tyb.c:354:9: warning: unused variable 'j' [-Wunused-variable]
   int i,j=0;
         ^
../src/tyb.c:354:7: warning: unused variable 'i' [-Wunused-variable]
   int i,j=0;
       ^
../src/tyb.c:352:9: warning: variable 'average' set but not used [-Wunused-but-set-variable]
   float average;
         ^~~~~~~
../src/tyb.c: In function 'conv3_Exception':
../src/tyb.c:381:7: warning: unused variable 'cout' [-Wunused-variable]
   int cout=6;
       ^~~~
../src/tyb.c:380:7: warning: unused variable 'wh' [-Wunused-variable]
   int wh=13;
       ^~
../src/tyb.c:379:9: warning: unused variable 'j' [-Wunused-variable]
   int i,j=0;
         ^
../src/tyb.c:379:7: warning: unused variable 'i' [-Wunused-variable]
   int i,j=0;
       ^
../src/tyb.c:377:9: warning: variable 'average' set but not used [-Wunused-but-set-variable]
   float average;
         ^~~~~~~
../src/tyb.c: In function 'conv4_Exception':
../src/tyb.c:405:7: warning: unused variable 'cout' [-Wunused-variable]
   int cout=3;
       ^~~~
../src/tyb.c:404:7: warning: unused variable 'wh' [-Wunused-variable]
   int wh=7;
       ^~
../src/tyb.c:403:9: warning: unused variable 'j' [-Wunused-variable]
   int i,j=0;
         ^
../src/tyb.c:403:7: warning: unused variable 'i' [-Wunused-variable]
   int i,j=0;
       ^
../src/tyb.c:401:9: warning: variable 'average' set but not used [-Wunused-but-set-variable]
   float average;
         ^~~~~~~
../src/tyb.c: In function 'tyb_display':
../src/tyb.c:463:6: warning: variable 'real_w_h' set but not used [-Wunused-but-set-variable]
  int real_w_h;
      ^~~~~~~~
../src/tyb.c: In function 'tyb_display2':
../src/tyb.c:480:12: warning: unused variable 'o' [-Wunused-variable]
  int i,j,p,o=0;
            ^
../src/tyb.c:480:10: warning: unused variable 'p' [-Wunused-variable]
  int i,j,p,o=0;
          ^
../src/tyb.c: In function 'tyb_display3':
../src/tyb.c:495:12: warning: unused variable 'o' [-Wunused-variable]
  int i,j,p,o=0;
            ^
../src/tyb.c:495:10: warning: unused variable 'p' [-Wunused-variable]
  int i,j,p,o=0;
          ^
../src/tyb.c: In function 'rgb2grey':
../src/tyb.c:516:5: warning: unused variable 'count' [-Wunused-variable]
 int count=0;
     ^~~~~
../src/tyb.c:514:7: warning: variable 'out_pixel' set but not used [-Wunused-but-set-variable]
 float out_pixel=0;
       ^~~~~~~~~
../src/tyb.c:513:12: warning: unused variable 'o' [-Wunused-variable]
  int i,j,p,o=0;
            ^
../src/tyb.c:513:10: warning: unused variable 'p' [-Wunused-variable]
  int i,j,p,o=0;
          ^
'Finished building: ../src/tyb.c'
' '
'Building file: ../src/vdma.c'
'Invoking: ARM v7 gcc compiler'
arm-none-eabi-gcc -Wall -O0 -g3 -c -fmessage-length=0 -MT"src/vdma.o" -mcpu=cortex-a9 -mfpu=vfpv3 -mfloat-abi=hard -I../../an5642_test_bsp/ps7_cortexa9_0/include -MMD -MP -MF"src/vdma.d" -MT"src/vdma.o" -o "src/vdma.o" "../src/vdma.c"
'Finished building: ../src/vdma.c'
' '
'Building target: an5642_test.elf'
'Invoking: ARM v7 gcc linker'
arm-none-eabi-gcc -mcpu=cortex-a9 -mfpu=vfpv3 -mfloat-abi=hard -Wl,-build-id=none -specs=Xilinx.spec -Wl,-T -Wl,../src/lscript.ld -L../../an5642_test_bsp/ps7_cortexa9_0/lib -o "an5642_test.elf"  ./src/i2c/PS_i2c.o  ./src/dynclk/dynclk.o  ./src/display_ctrl/display_ctrl.o  ./src/display_demo.o ./src/ov5640.o ./src/tyb.o ./src/vdma.o   -Wl,--start-group,-lxil,-lgcc,-lc,--end-group
'Finished building target: an5642_test.elf'
' '
'Invoking: ARM v7 Print Size'
arm-none-eabi-size an5642_test.elf  |tee "an5642_test.elf.size"
   text	   data	    bss	    dec	    hex	filename
 135660	  26496	38378240	38540396	24c146c	an5642_test.elf
'Finished building: an5642_test.elf.size'
' '
11:14:52 **** Auto Build of configuration Debug for project an5642_test ****
make pre-build main-build 
a9-linaro-pre-build-step
' '
'Building file: ../src/tyb.c'
'Invoking: ARM v7 gcc compiler'
arm-none-eabi-gcc -Wall -O0 -g3 -c -fmessage-length=0 -MT"src/tyb.o" -mcpu=cortex-a9 -mfpu=vfpv3 -mfloat-abi=hard -I../../an5642_test_bsp/ps7_cortexa9_0/include -MMD -MP -MF"src/tyb.d" -MT"src/tyb.o" -o "src/tyb.o" "../src/tyb.c"
In file included from ../src/tyb.h:42:0,
                 from ../src/tyb.c:9:
../../an5642_test_bsp/ps7_cortexa9_0/include/xtime_l.h:87:9: note: #pragma message: For the sleep routines, Global timer is being used
 #pragma message ("For the sleep routines, Global timer is being used")
         ^~~~~~~
../src/tyb.c:229:33: warning: missing braces around initializer [-Wmissing-braces]
 float conv1_result[6][119][119]={0.0};
                                 ^
                                  {
                                  {  }
                                     }
../src/tyb.c:230:31: warning: missing braces around initializer [-Wmissing-braces]
 float conv2_result[6][58][58]={0.0};
                               ^
                                {
                                {  }
                                   }
../src/tyb.c:231:31: warning: missing braces around initializer [-Wmissing-braces]
 float conv3_result[8][56][56]={0.0};
                               ^
                                {
                                {  }
                                   }
../src/tyb.c:232:32: warning: missing braces around initializer [-Wmissing-braces]
 float conv4_result[10][54][54]={0.0};
                                ^
                                 {
                                 {  }
                                    }
../src/tyb.c: In function 'hls_core_1_Exception':
../src/tyb.c:282:8: warning: variable 'average' set but not used [-Wunused-but-set-variable]
  float average;
        ^~~~~~~
../src/tyb.c: In function 'conv1_Exception':
../src/tyb.c:327:7: warning: unused variable 'cout' [-Wunused-variable]
   int cout=6;
       ^~~~
../src/tyb.c:326:7: warning: unused variable 'wh' [-Wunused-variable]
   int wh=13;
       ^~
../src/tyb.c:325:9: warning: unused variable 'j' [-Wunused-variable]
   int i,j=0;
         ^
../src/tyb.c:325:7: warning: unused variable 'i' [-Wunused-variable]
   int i,j=0;
       ^
../src/tyb.c:323:9: warning: variable 'average' set but not used [-Wunused-but-set-variable]
   float average;
         ^~~~~~~
../src/tyb.c: In function 'conv2_Exception':
../src/tyb.c:357:37: warning: passing argument 1 of 'XConv1_InterruptGetStatus' from incompatible pointer type [-Wincompatible-pointer-types]
   state = XConv1_InterruptGetStatus(pXAverageInstance);
                                     ^~~~~~~~~~~~~~~~~
In file included from ../src/tyb.h:32:0,
                 from ../src/tyb.c:9:
../../an5642_test_bsp/ps7_cortexa9_0/include/xconv1.h:106:5: note: expected 'XConv1 * {aka struct <anonymous> *}' but argument is of type 'XConv2 * {aka struct <anonymous> *}'
 u32 XConv1_InterruptGetStatus(XConv1 *InstancePtr);
     ^~~~~~~~~~~~~~~~~~~~~~~~~
../src/tyb.c:356:7: warning: unused variable 'cout' [-Wunused-variable]
   int cout=6;
       ^~~~
../src/tyb.c:355:7: warning: unused variable 'wh' [-Wunused-variable]
   int wh=11;
       ^~
../src/tyb.c:354:9: warning: unused variable 'j' [-Wunused-variable]
   int i,j=0;
         ^
../src/tyb.c:354:7: warning: unused variable 'i' [-Wunused-variable]
   int i,j=0;
       ^
../src/tyb.c:352:9: warning: variable 'average' set but not used [-Wunused-but-set-variable]
   float average;
         ^~~~~~~
../src/tyb.c: In function 'conv3_Exception':
../src/tyb.c:381:7: warning: unused variable 'cout' [-Wunused-variable]
   int cout=6;
       ^~~~
../src/tyb.c:380:7: warning: unused variable 'wh' [-Wunused-variable]
   int wh=13;
       ^~
../src/tyb.c:379:9: warning: unused variable 'j' [-Wunused-variable]
   int i,j=0;
         ^
../src/tyb.c:379:7: warning: unused variable 'i' [-Wunused-variable]
   int i,j=0;
       ^
../src/tyb.c:377:9: warning: variable 'average' set but not used [-Wunused-but-set-variable]
   float average;
         ^~~~~~~
../src/tyb.c: In function 'conv4_Exception':
../src/tyb.c:405:7: warning: unused variable 'cout' [-Wunused-variable]
   int cout=3;
       ^~~~
../src/tyb.c:404:7: warning: unused variable 'wh' [-Wunused-variable]
   int wh=7;
       ^~
../src/tyb.c:403:9: warning: unused variable 'j' [-Wunused-variable]
   int i,j=0;
         ^
../src/tyb.c:403:7: warning: unused variable 'i' [-Wunused-variable]
   int i,j=0;
       ^
../src/tyb.c:401:9: warning: variable 'average' set but not used [-Wunused-but-set-variable]
   float average;
         ^~~~~~~
../src/tyb.c: In function 'tyb_display':
../src/tyb.c:463:6: warning: variable 'real_w_h' set but not used [-Wunused-but-set-variable]
  int real_w_h;
      ^~~~~~~~
../src/tyb.c: In function 'tyb_display2':
../src/tyb.c:480:12: warning: unused variable 'o' [-Wunused-variable]
  int i,j,p,o=0;
            ^
../src/tyb.c:480:10: warning: unused variable 'p' [-Wunused-variable]
  int i,j,p,o=0;
          ^
../src/tyb.c: In function 'tyb_display3':
../src/tyb.c:495:12: warning: unused variable 'o' [-Wunused-variable]
  int i,j,p,o=0;
            ^
../src/tyb.c:495:10: warning: unused variable 'p' [-Wunused-variable]
  int i,j,p,o=0;
          ^
../src/tyb.c: At top level:
../src/tyb.c:511:6: error: conflicting types for 'rgb2grey'
 void rgb2grey(u8 *img,float **dst)
      ^~~~~~~~
In file included from ../src/tyb.c:9:0:
../src/tyb.h:101:6: note: previous declaration of 'rgb2grey' was here
 void rgb2grey(u8 *img);//,float **dst);
      ^~~~~~~~
../src/tyb.c: In function 'rgb2grey':
../src/tyb.c:516:5: warning: unused variable 'count' [-Wunused-variable]
 int count=0;
     ^~~~~
../src/tyb.c:514:7: warning: variable 'out_pixel' set but not used [-Wunused-but-set-variable]
 float out_pixel=0;
       ^~~~~~~~~
../src/tyb.c:513:12: warning: unused variable 'o' [-Wunused-variable]
  int i,j,p,o=0;
            ^
../src/tyb.c:513:10: warning: unused variable 'p' [-Wunused-variable]
  int i,j,p,o=0;
          ^
make: *** [src/subdir.mk:32: src/tyb.o] Error 1
11:14:54 **** Auto Build of configuration Debug for project an5642_test ****
make pre-build main-build 
a9-linaro-pre-build-step
' '
'Building file: ../src/display_demo.c'
'Invoking: ARM v7 gcc compiler'
arm-none-eabi-gcc -Wall -O0 -g3 -c -fmessage-length=0 -MT"src/display_demo.o" -mcpu=cortex-a9 -mfpu=vfpv3 -mfloat-abi=hard -I../../an5642_test_bsp/ps7_cortexa9_0/include -MMD -MP -MF"src/display_demo.d" -MT"src/display_demo.o" -o "src/display_demo.o" "../src/display_demo.c"
In file included from ../src/tyb.h:42:0,
                 from ../src/display_demo.c:13:
../../an5642_test_bsp/ps7_cortexa9_0/include/xtime_l.h:87:9: note: #pragma message: For the sleep routines, Global timer is being used
 #pragma message ("For the sleep routines, Global timer is being used")
         ^~~~~~~
../src/display_demo.c: In function 'main':
../src/display_demo.c:125:65: warning: passing argument 5 of 'vdma_write_init' makes integer from pointer without a cast [-Wint-conversion]
  vdma_write_init(XPAR_AXIVDMA_1_DEVICE_ID,1280 * 3,720,1280 * 3,pFrames[0]);
                                                                 ^~~~~~~
In file included from ../src/tyb.h:25:0,
                 from ../src/display_demo.c:13:
../src/vdma.h:9:5: note: expected 'unsigned int' but argument is of type 'u8 * {aka unsigned char *}'
 int vdma_write_init(short DeviceID,short HoriSizeInput,short VertSizeInput,short Stride,unsigned int FrameStoreStartAddr);
     ^~~~~~~~~~~~~~~
../src/display_demo.c:284:4: error: too few arguments to function 'rgb2grey'
    rgb2grey(pFrames[0]);///,tar_small_pic);
    ^~~~~~~~
In file included from ../src/display_demo.c:13:0:
../src/tyb.h:101:6: note: declared here
 void rgb2grey(u8 *img,float **dst);
      ^~~~~~~~
../src/display_demo.c:60:11: warning: unused variable 'j' [-Wunused-variable]
     int i,j;
           ^
../src/display_demo.c:56:28: warning: unused variable 'pixel_index' [-Wunused-variable]
  int step_img_x,step_img_y,pixel_index;
                            ^~~~~~~~~~~
../src/display_demo.c:56:17: warning: unused variable 'step_img_y' [-Wunused-variable]
  int step_img_x,step_img_y,pixel_index;
                 ^~~~~~~~~~
../src/display_demo.c:56:6: warning: unused variable 'step_img_x' [-Wunused-variable]
  int step_img_x,step_img_y,pixel_index;
      ^~~~~~~~~~
make: *** [src/subdir.mk:32: src/display_demo.o] Error 1
11:15:09 **** Auto Build of configuration Debug for project an5642_test ****
make pre-build main-build 
a9-linaro-pre-build-step
' '
'Building file: ../src/display_demo.c'
'Invoking: ARM v7 gcc compiler'
arm-none-eabi-gcc -Wall -O0 -g3 -c -fmessage-length=0 -MT"src/display_demo.o" -mcpu=cortex-a9 -mfpu=vfpv3 -mfloat-abi=hard -I../../an5642_test_bsp/ps7_cortexa9_0/include -MMD -MP -MF"src/display_demo.d" -MT"src/display_demo.o" -o "src/display_demo.o" "../src/display_demo.c"
In file included from ../src/tyb.h:42:0,
                 from ../src/display_demo.c:13:
../../an5642_test_bsp/ps7_cortexa9_0/include/xtime_l.h:87:9: note: #pragma message: For the sleep routines, Global timer is being used
 #pragma message ("For the sleep routines, Global timer is being used")
         ^~~~~~~
../src/display_demo.c: In function 'main':
../src/display_demo.c:125:65: warning: passing argument 5 of 'vdma_write_init' makes integer from pointer without a cast [-Wint-conversion]
  vdma_write_init(XPAR_AXIVDMA_1_DEVICE_ID,1280 * 3,720,1280 * 3,pFrames[0]);
                                                                 ^~~~~~~
In file included from ../src/tyb.h:25:0,
                 from ../src/display_demo.c:13:
../src/vdma.h:9:5: note: expected 'unsigned int' but argument is of type 'u8 * {aka unsigned char *}'
 int vdma_write_init(short DeviceID,short HoriSizeInput,short VertSizeInput,short Stride,unsigned int FrameStoreStartAddr);
     ^~~~~~~~~~~~~~~
../src/display_demo.c:284:24: warning: passing argument 2 of 'rgb2grey' from incompatible pointer type [-Wincompatible-pointer-types]
    rgb2grey(pFrames[0],tar_small_pic);
                        ^~~~~~~~~~~~~
In file included from ../src/display_demo.c:13:0:
../src/tyb.h:101:6: note: expected 'float **' but argument is of type 'float (*)[240]'
 void rgb2grey(u8 *img,float **dst);
      ^~~~~~~~
../src/display_demo.c:60:11: warning: unused variable 'j' [-Wunused-variable]
     int i,j;
           ^
../src/display_demo.c:56:28: warning: unused variable 'pixel_index' [-Wunused-variable]
  int step_img_x,step_img_y,pixel_index;
                            ^~~~~~~~~~~
../src/display_demo.c:56:17: warning: unused variable 'step_img_y' [-Wunused-variable]
  int step_img_x,step_img_y,pixel_index;
                 ^~~~~~~~~~
../src/display_demo.c:56:6: warning: unused variable 'step_img_x' [-Wunused-variable]
  int step_img_x,step_img_y,pixel_index;
      ^~~~~~~~~~
'Finished building: ../src/display_demo.c'
' '
'Building file: ../src/tyb.c'
'Invoking: ARM v7 gcc compiler'
arm-none-eabi-gcc -Wall -O0 -g3 -c -fmessage-length=0 -MT"src/tyb.o" -mcpu=cortex-a9 -mfpu=vfpv3 -mfloat-abi=hard -I../../an5642_test_bsp/ps7_cortexa9_0/include -MMD -MP -MF"src/tyb.d" -MT"src/tyb.o" -o "src/tyb.o" "../src/tyb.c"
In file included from ../src/tyb.h:42:0,
                 from ../src/tyb.c:9:
../../an5642_test_bsp/ps7_cortexa9_0/include/xtime_l.h:87:9: note: #pragma message: For the sleep routines, Global timer is being used
 #pragma message ("For the sleep routines, Global timer is being used")
         ^~~~~~~
../src/tyb.c:229:33: warning: missing braces around initializer [-Wmissing-braces]
 float conv1_result[6][119][119]={0.0};
                                 ^
                                  {
                                  {  }
                                     }
../src/tyb.c:230:31: warning: missing braces around initializer [-Wmissing-braces]
 float conv2_result[6][58][58]={0.0};
                               ^
                                {
                                {  }
                                   }
../src/tyb.c:231:31: warning: missing braces around initializer [-Wmissing-braces]
 float conv3_result[8][56][56]={0.0};
                               ^
                                {
                                {  }
                                   }
../src/tyb.c:232:32: warning: missing braces around initializer [-Wmissing-braces]
 float conv4_result[10][54][54]={0.0};
                                ^
                                 {
                                 {  }
                                    }
../src/tyb.c: In function 'hls_core_1_Exception':
../src/tyb.c:282:8: warning: variable 'average' set but not used [-Wunused-but-set-variable]
  float average;
        ^~~~~~~
../src/tyb.c: In function 'conv1_Exception':
../src/tyb.c:327:7: warning: unused variable 'cout' [-Wunused-variable]
   int cout=6;
       ^~~~
../src/tyb.c:326:7: warning: unused variable 'wh' [-Wunused-variable]
   int wh=13;
       ^~
../src/tyb.c:325:9: warning: unused variable 'j' [-Wunused-variable]
   int i,j=0;
         ^
../src/tyb.c:325:7: warning: unused variable 'i' [-Wunused-variable]
   int i,j=0;
       ^
../src/tyb.c:323:9: warning: variable 'average' set but not used [-Wunused-but-set-variable]
   float average;
         ^~~~~~~
../src/tyb.c: In function 'conv2_Exception':
../src/tyb.c:357:37: warning: passing argument 1 of 'XConv1_InterruptGetStatus' from incompatible pointer type [-Wincompatible-pointer-types]
   state = XConv1_InterruptGetStatus(pXAverageInstance);
                                     ^~~~~~~~~~~~~~~~~
In file included from ../src/tyb.h:32:0,
                 from ../src/tyb.c:9:
../../an5642_test_bsp/ps7_cortexa9_0/include/xconv1.h:106:5: note: expected 'XConv1 * {aka struct <anonymous> *}' but argument is of type 'XConv2 * {aka struct <anonymous> *}'
 u32 XConv1_InterruptGetStatus(XConv1 *InstancePtr);
     ^~~~~~~~~~~~~~~~~~~~~~~~~
../src/tyb.c:356:7: warning: unused variable 'cout' [-Wunused-variable]
   int cout=6;
       ^~~~
../src/tyb.c:355:7: warning: unused variable 'wh' [-Wunused-variable]
   int wh=11;
       ^~
../src/tyb.c:354:9: warning: unused variable 'j' [-Wunused-variable]
   int i,j=0;
         ^
../src/tyb.c:354:7: warning: unused variable 'i' [-Wunused-variable]
   int i,j=0;
       ^
../src/tyb.c:352:9: warning: variable 'average' set but not used [-Wunused-but-set-variable]
   float average;
         ^~~~~~~
../src/tyb.c: In function 'conv3_Exception':
../src/tyb.c:381:7: warning: unused variable 'cout' [-Wunused-variable]
   int cout=6;
       ^~~~
../src/tyb.c:380:7: warning: unused variable 'wh' [-Wunused-variable]
   int wh=13;
       ^~
../src/tyb.c:379:9: warning: unused variable 'j' [-Wunused-variable]
   int i,j=0;
         ^
../src/tyb.c:379:7: warning: unused variable 'i' [-Wunused-variable]
   int i,j=0;
       ^
../src/tyb.c:377:9: warning: variable 'average' set but not used [-Wunused-but-set-variable]
   float average;
         ^~~~~~~
../src/tyb.c: In function 'conv4_Exception':
../src/tyb.c:405:7: warning: unused variable 'cout' [-Wunused-variable]
   int cout=3;
       ^~~~
../src/tyb.c:404:7: warning: unused variable 'wh' [-Wunused-variable]
   int wh=7;
       ^~
../src/tyb.c:403:9: warning: unused variable 'j' [-Wunused-variable]
   int i,j=0;
         ^
../src/tyb.c:403:7: warning: unused variable 'i' [-Wunused-variable]
   int i,j=0;
       ^
../src/tyb.c:401:9: warning: variable 'average' set but not used [-Wunused-but-set-variable]
   float average;
         ^~~~~~~
../src/tyb.c: In function 'tyb_display':
../src/tyb.c:463:6: warning: variable 'real_w_h' set but not used [-Wunused-but-set-variable]
  int real_w_h;
      ^~~~~~~~
../src/tyb.c: In function 'tyb_display2':
../src/tyb.c:480:12: warning: unused variable 'o' [-Wunused-variable]
  int i,j,p,o=0;
            ^
../src/tyb.c:480:10: warning: unused variable 'p' [-Wunused-variable]
  int i,j,p,o=0;
          ^
../src/tyb.c: In function 'tyb_display3':
../src/tyb.c:495:12: warning: unused variable 'o' [-Wunused-variable]
  int i,j,p,o=0;
            ^
../src/tyb.c:495:10: warning: unused variable 'p' [-Wunused-variable]
  int i,j,p,o=0;
          ^
../src/tyb.c: In function 'rgb2grey':
../src/tyb.c:516:5: warning: unused variable 'count' [-Wunused-variable]
 int count=0;
     ^~~~~
../src/tyb.c:514:7: warning: variable 'out_pixel' set but not used [-Wunused-but-set-variable]
 float out_pixel=0;
       ^~~~~~~~~
../src/tyb.c:513:12: warning: unused variable 'o' [-Wunused-variable]
  int i,j,p,o=0;
            ^
../src/tyb.c:513:10: warning: unused variable 'p' [-Wunused-variable]
  int i,j,p,o=0;
          ^
'Finished building: ../src/tyb.c'
' '
'Building target: an5642_test.elf'
'Invoking: ARM v7 gcc linker'
arm-none-eabi-gcc -mcpu=cortex-a9 -mfpu=vfpv3 -mfloat-abi=hard -Wl,-build-id=none -specs=Xilinx.spec -Wl,-T -Wl,../src/lscript.ld -L../../an5642_test_bsp/ps7_cortexa9_0/lib -o "an5642_test.elf"  ./src/i2c/PS_i2c.o  ./src/dynclk/dynclk.o  ./src/display_ctrl/display_ctrl.o  ./src/display_demo.o ./src/ov5640.o ./src/tyb.o ./src/vdma.o   -Wl,--start-group,-lxil,-lgcc,-lc,--end-group
'Finished building target: an5642_test.elf'
' '
'Invoking: ARM v7 Print Size'
arm-none-eabi-size an5642_test.elf  |tee "an5642_test.elf.size"
   text	   data	    bss	    dec	    hex	filename
 135660	  26496	38378240	38540396	24c146c	an5642_test.elf
'Finished building: an5642_test.elf.size'
' '
11:15:57 **** Auto Build of configuration Debug for project an5642_test ****
make pre-build main-build 
a9-linaro-pre-build-step
' '
'Building file: ../src/tyb.c'
'Invoking: ARM v7 gcc compiler'
arm-none-eabi-gcc -Wall -O0 -g3 -c -fmessage-length=0 -MT"src/tyb.o" -mcpu=cortex-a9 -mfpu=vfpv3 -mfloat-abi=hard -I../../an5642_test_bsp/ps7_cortexa9_0/include -MMD -MP -MF"src/tyb.d" -MT"src/tyb.o" -o "src/tyb.o" "../src/tyb.c"
In file included from ../src/tyb.h:42:0,
                 from ../src/tyb.c:9:
../../an5642_test_bsp/ps7_cortexa9_0/include/xtime_l.h:87:9: note: #pragma message: For the sleep routines, Global timer is being used
 #pragma message ("For the sleep routines, Global timer is being used")
         ^~~~~~~
../src/tyb.c:228:7: error: conflicting types for 'tar_small_pic'
 float tar_small_pic[1][240][240];
       ^~~~~~~~~~~~~
In file included from ../src/tyb.c:9:0:
../src/tyb.h:56:14: note: previous declaration of 'tar_small_pic' was here
 extern float tar_small_pic[240][240];
              ^~~~~~~~~~~~~
../src/tyb.c:229:33: warning: missing braces around initializer [-Wmissing-braces]
 float conv1_result[6][119][119]={0.0};
                                 ^
                                  {
                                  {  }
                                     }
../src/tyb.c:230:31: warning: missing braces around initializer [-Wmissing-braces]
 float conv2_result[6][58][58]={0.0};
                               ^
                                {
                                {  }
                                   }
../src/tyb.c:231:31: warning: missing braces around initializer [-Wmissing-braces]
 float conv3_result[8][56][56]={0.0};
                               ^
                                {
                                {  }
                                   }
../src/tyb.c:232:32: warning: missing braces around initializer [-Wmissing-braces]
 float conv4_result[10][54][54]={0.0};
                                ^
                                 {
                                 {  }
                                    }
../src/tyb.c: In function 'hls_core_1_Exception':
../src/tyb.c:282:8: warning: variable 'average' set but not used [-Wunused-but-set-variable]
  float average;
        ^~~~~~~
../src/tyb.c: In function 'conv1_Exception':
../src/tyb.c:327:7: warning: unused variable 'cout' [-Wunused-variable]
   int cout=6;
       ^~~~
../src/tyb.c:326:7: warning: unused variable 'wh' [-Wunused-variable]
   int wh=13;
       ^~
../src/tyb.c:325:9: warning: unused variable 'j' [-Wunused-variable]
   int i,j=0;
         ^
../src/tyb.c:325:7: warning: unused variable 'i' [-Wunused-variable]
   int i,j=0;
       ^
../src/tyb.c:323:9: warning: variable 'average' set but not used [-Wunused-but-set-variable]
   float average;
         ^~~~~~~
../src/tyb.c: In function 'conv2_Exception':
../src/tyb.c:357:37: warning: passing argument 1 of 'XConv1_InterruptGetStatus' from incompatible pointer type [-Wincompatible-pointer-types]
   state = XConv1_InterruptGetStatus(pXAverageInstance);
                                     ^~~~~~~~~~~~~~~~~
In file included from ../src/tyb.h:32:0,
                 from ../src/tyb.c:9:
../../an5642_test_bsp/ps7_cortexa9_0/include/xconv1.h:106:5: note: expected 'XConv1 * {aka struct <anonymous> *}' but argument is of type 'XConv2 * {aka struct <anonymous> *}'
 u32 XConv1_InterruptGetStatus(XConv1 *InstancePtr);
     ^~~~~~~~~~~~~~~~~~~~~~~~~
../src/tyb.c:356:7: warning: unused variable 'cout' [-Wunused-variable]
   int cout=6;
       ^~~~
../src/tyb.c:355:7: warning: unused variable 'wh' [-Wunused-variable]
   int wh=11;
       ^~
../src/tyb.c:354:9: warning: unused variable 'j' [-Wunused-variable]
   int i,j=0;
         ^
../src/tyb.c:354:7: warning: unused variable 'i' [-Wunused-variable]
   int i,j=0;
       ^
../src/tyb.c:352:9: warning: variable 'average' set but not used [-Wunused-but-set-variable]
   float average;
         ^~~~~~~
../src/tyb.c: In function 'conv3_Exception':
../src/tyb.c:381:7: warning: unused variable 'cout' [-Wunused-variable]
   int cout=6;
       ^~~~
../src/tyb.c:380:7: warning: unused variable 'wh' [-Wunused-variable]
   int wh=13;
       ^~
../src/tyb.c:379:9: warning: unused variable 'j' [-Wunused-variable]
   int i,j=0;
         ^
../src/tyb.c:379:7: warning: unused variable 'i' [-Wunused-variable]
   int i,j=0;
       ^
../src/tyb.c:377:9: warning: variable 'average' set but not used [-Wunused-but-set-variable]
   float average;
         ^~~~~~~
../src/tyb.c: In function 'conv4_Exception':
../src/tyb.c:405:7: warning: unused variable 'cout' [-Wunused-variable]
   int cout=3;
       ^~~~
../src/tyb.c:404:7: warning: unused variable 'wh' [-Wunused-variable]
   int wh=7;
       ^~
../src/tyb.c:403:9: warning: unused variable 'j' [-Wunused-variable]
   int i,j=0;
         ^
../src/tyb.c:403:7: warning: unused variable 'i' [-Wunused-variable]
   int i,j=0;
       ^
../src/tyb.c:401:9: warning: variable 'average' set but not used [-Wunused-but-set-variable]
   float average;
         ^~~~~~~
../src/tyb.c: In function 'tyb_display':
../src/tyb.c:463:6: warning: variable 'real_w_h' set but not used [-Wunused-but-set-variable]
  int real_w_h;
      ^~~~~~~~
../src/tyb.c: In function 'tyb_display2':
../src/tyb.c:480:12: warning: unused variable 'o' [-Wunused-variable]
  int i,j,p,o=0;
            ^
../src/tyb.c:480:10: warning: unused variable 'p' [-Wunused-variable]
  int i,j,p,o=0;
          ^
../src/tyb.c: In function 'tyb_display3':
../src/tyb.c:495:12: warning: unused variable 'o' [-Wunused-variable]
  int i,j,p,o=0;
            ^
../src/tyb.c:495:10: warning: unused variable 'p' [-Wunused-variable]
  int i,j,p,o=0;
          ^
../src/tyb.c: At top level:
../src/tyb.c:511:6: error: conflicting types for 'rgb2grey'
 void rgb2grey(u8 *img,float ***dst)
      ^~~~~~~~
In file included from ../src/tyb.c:9:0:
../src/tyb.h:101:6: note: previous declaration of 'rgb2grey' was here
 void rgb2grey(u8 *img,float **dst);
      ^~~~~~~~
../src/tyb.c: In function 'rgb2grey':
../src/tyb.c:516:5: warning: unused variable 'count' [-Wunused-variable]
 int count=0;
     ^~~~~
../src/tyb.c:514:7: warning: variable 'out_pixel' set but not used [-Wunused-but-set-variable]
 float out_pixel=0;
       ^~~~~~~~~
../src/tyb.c:513:12: warning: unused variable 'o' [-Wunused-variable]
  int i,j,p,o=0;
            ^
../src/tyb.c:513:10: warning: unused variable 'p' [-Wunused-variable]
  int i,j,p,o=0;
          ^
make: *** [src/subdir.mk:32: src/tyb.o] Error 1
11:15:59 **** Auto Build of configuration Debug for project an5642_test ****
make pre-build main-build 
a9-linaro-pre-build-step
' '
'Building file: ../src/display_demo.c'
'Invoking: ARM v7 gcc compiler'
arm-none-eabi-gcc -Wall -O0 -g3 -c -fmessage-length=0 -MT"src/display_demo.o" -mcpu=cortex-a9 -mfpu=vfpv3 -mfloat-abi=hard -I../../an5642_test_bsp/ps7_cortexa9_0/include -MMD -MP -MF"src/display_demo.d" -MT"src/display_demo.o" -o "src/display_demo.o" "../src/display_demo.c"
In file included from ../src/tyb.h:42:0,
                 from ../src/display_demo.c:13:
../../an5642_test_bsp/ps7_cortexa9_0/include/xtime_l.h:87:9: note: #pragma message: For the sleep routines, Global timer is being used
 #pragma message ("For the sleep routines, Global timer is being used")
         ^~~~~~~
../src/display_demo.c: In function 'main':
../src/display_demo.c:125:65: warning: passing argument 5 of 'vdma_write_init' makes integer from pointer without a cast [-Wint-conversion]
  vdma_write_init(XPAR_AXIVDMA_1_DEVICE_ID,1280 * 3,720,1280 * 3,pFrames[0]);
                                                                 ^~~~~~~
In file included from ../src/tyb.h:25:0,
                 from ../src/display_demo.c:13:
../src/vdma.h:9:5: note: expected 'unsigned int' but argument is of type 'u8 * {aka unsigned char *}'
 int vdma_write_init(short DeviceID,short HoriSizeInput,short VertSizeInput,short Stride,unsigned int FrameStoreStartAddr);
     ^~~~~~~~~~~~~~~
../src/display_demo.c:284:24: warning: passing argument 2 of 'rgb2grey' from incompatible pointer type [-Wincompatible-pointer-types]
    rgb2grey(pFrames[0],tar_small_pic);
                        ^~~~~~~~~~~~~
In file included from ../src/display_demo.c:13:0:
../src/tyb.h:101:6: note: expected 'float ***' but argument is of type 'float (*)[240]'
 void rgb2grey(u8 *img,float ***dst);
      ^~~~~~~~
../src/display_demo.c:60:11: warning: unused variable 'j' [-Wunused-variable]
     int i,j;
           ^
../src/display_demo.c:56:28: warning: unused variable 'pixel_index' [-Wunused-variable]
  int step_img_x,step_img_y,pixel_index;
                            ^~~~~~~~~~~
../src/display_demo.c:56:17: warning: unused variable 'step_img_y' [-Wunused-variable]
  int step_img_x,step_img_y,pixel_index;
                 ^~~~~~~~~~
../src/display_demo.c:56:6: warning: unused variable 'step_img_x' [-Wunused-variable]
  int step_img_x,step_img_y,pixel_index;
      ^~~~~~~~~~
'Finished building: ../src/display_demo.c'
' '
'Building file: ../src/tyb.c'
'Invoking: ARM v7 gcc compiler'
arm-none-eabi-gcc -Wall -O0 -g3 -c -fmessage-length=0 -MT"src/tyb.o" -mcpu=cortex-a9 -mfpu=vfpv3 -mfloat-abi=hard -I../../an5642_test_bsp/ps7_cortexa9_0/include -MMD -MP -MF"src/tyb.d" -MT"src/tyb.o" -o "src/tyb.o" "../src/tyb.c"
In file included from ../src/tyb.h:42:0,
                 from ../src/tyb.c:9:
../../an5642_test_bsp/ps7_cortexa9_0/include/xtime_l.h:87:9: note: #pragma message: For the sleep routines, Global timer is being used
 #pragma message ("For the sleep routines, Global timer is being used")
         ^~~~~~~
../src/tyb.c:228:7: error: conflicting types for 'tar_small_pic'
 float tar_small_pic[1][240][240];
       ^~~~~~~~~~~~~
In file included from ../src/tyb.c:9:0:
../src/tyb.h:56:14: note: previous declaration of 'tar_small_pic' was here
 extern float tar_small_pic[240][240];
              ^~~~~~~~~~~~~
../src/tyb.c:229:33: warning: missing braces around initializer [-Wmissing-braces]
 float conv1_result[6][119][119]={0.0};
                                 ^
                                  {
                                  {  }
                                     }
../src/tyb.c:230:31: warning: missing braces around initializer [-Wmissing-braces]
 float conv2_result[6][58][58]={0.0};
                               ^
                                {
                                {  }
                                   }
../src/tyb.c:231:31: warning: missing braces around initializer [-Wmissing-braces]
 float conv3_result[8][56][56]={0.0};
                               ^
                                {
                                {  }
                                   }
../src/tyb.c:232:32: warning: missing braces around initializer [-Wmissing-braces]
 float conv4_result[10][54][54]={0.0};
                                ^
                                 {
                                 {  }
                                    }
../src/tyb.c: In function 'hls_core_1_Exception':
../src/tyb.c:282:8: warning: variable 'average' set but not used [-Wunused-but-set-variable]
  float average;
        ^~~~~~~
../src/tyb.c: In function 'conv1_Exception':
../src/tyb.c:327:7: warning: unused variable 'cout' [-Wunused-variable]
   int cout=6;
       ^~~~
../src/tyb.c:326:7: warning: unused variable 'wh' [-Wunused-variable]
   int wh=13;
       ^~
../src/tyb.c:325:9: warning: unused variable 'j' [-Wunused-variable]
   int i,j=0;
         ^
../src/tyb.c:325:7: warning: unused variable 'i' [-Wunused-variable]
   int i,j=0;
       ^
../src/tyb.c:323:9: warning: variable 'average' set but not used [-Wunused-but-set-variable]
   float average;
         ^~~~~~~
../src/tyb.c: In function 'conv2_Exception':
../src/tyb.c:357:37: warning: passing argument 1 of 'XConv1_InterruptGetStatus' from incompatible pointer type [-Wincompatible-pointer-types]
   state = XConv1_InterruptGetStatus(pXAverageInstance);
                                     ^~~~~~~~~~~~~~~~~
In file included from ../src/tyb.h:32:0,
                 from ../src/tyb.c:9:
../../an5642_test_bsp/ps7_cortexa9_0/include/xconv1.h:106:5: note: expected 'XConv1 * {aka struct <anonymous> *}' but argument is of type 'XConv2 * {aka struct <anonymous> *}'
 u32 XConv1_InterruptGetStatus(XConv1 *InstancePtr);
     ^~~~~~~~~~~~~~~~~~~~~~~~~
../src/tyb.c:356:7: warning: unused variable 'cout' [-Wunused-variable]
   int cout=6;
       ^~~~
../src/tyb.c:355:7: warning: unused variable 'wh' [-Wunused-variable]
   int wh=11;
       ^~
../src/tyb.c:354:9: warning: unused variable 'j' [-Wunused-variable]
   int i,j=0;
         ^
../src/tyb.c:354:7: warning: unused variable 'i' [-Wunused-variable]
   int i,j=0;
       ^
../src/tyb.c:352:9: warning: variable 'average' set but not used [-Wunused-but-set-variable]
   float average;
         ^~~~~~~
../src/tyb.c: In function 'conv3_Exception':
../src/tyb.c:381:7: warning: unused variable 'cout' [-Wunused-variable]
   int cout=6;
       ^~~~
../src/tyb.c:380:7: warning: unused variable 'wh' [-Wunused-variable]
   int wh=13;
       ^~
../src/tyb.c:379:9: warning: unused variable 'j' [-Wunused-variable]
   int i,j=0;
         ^
../src/tyb.c:379:7: warning: unused variable 'i' [-Wunused-variable]
   int i,j=0;
       ^
../src/tyb.c:377:9: warning: variable 'average' set but not used [-Wunused-but-set-variable]
   float average;
         ^~~~~~~
../src/tyb.c: In function 'conv4_Exception':
../src/tyb.c:405:7: warning: unused variable 'cout' [-Wunused-variable]
   int cout=3;
       ^~~~
../src/tyb.c:404:7: warning: unused variable 'wh' [-Wunused-variable]
   int wh=7;
       ^~
../src/tyb.c:403:9: warning: unused variable 'j' [-Wunused-variable]
   int i,j=0;
         ^
../src/tyb.c:403:7: warning: unused variable 'i' [-Wunused-variable]
   int i,j=0;
       ^
../src/tyb.c:401:9: warning: variable 'average' set but not used [-Wunused-but-set-variable]
   float average;
         ^~~~~~~
../src/tyb.c: In function 'tyb_display':
../src/tyb.c:463:6: warning: variable 'real_w_h' set but not used [-Wunused-but-set-variable]
  int real_w_h;
      ^~~~~~~~
../src/tyb.c: In function 'tyb_display2':
../src/tyb.c:480:12: warning: unused variable 'o' [-Wunused-variable]
  int i,j,p,o=0;
            ^
../src/tyb.c:480:10: warning: unused variable 'p' [-Wunused-variable]
  int i,j,p,o=0;
          ^
../src/tyb.c: In function 'tyb_display3':
../src/tyb.c:495:12: warning: unused variable 'o' [-Wunused-variable]
  int i,j,p,o=0;
            ^
../src/tyb.c:495:10: warning: unused variable 'p' [-Wunused-variable]
  int i,j,p,o=0;
          ^
../src/tyb.c: In function 'rgb2grey':
../src/tyb.c:516:5: warning: unused variable 'count' [-Wunused-variable]
 int count=0;
     ^~~~~
../src/tyb.c:514:7: warning: variable 'out_pixel' set but not used [-Wunused-but-set-variable]
 float out_pixel=0;
       ^~~~~~~~~
../src/tyb.c:513:12: warning: unused variable 'o' [-Wunused-variable]
  int i,j,p,o=0;
            ^
../src/tyb.c:513:10: warning: unused variable 'p' [-Wunused-variable]
  int i,j,p,o=0;
          ^
make: *** [src/subdir.mk:32: src/tyb.o] Error 1
11:16:10 **** Auto Build of configuration Debug for project an5642_test ****
make pre-build main-build 
a9-linaro-pre-build-step
' '
'Building file: ../src/display_demo.c'
'Invoking: ARM v7 gcc compiler'
arm-none-eabi-gcc -Wall -O0 -g3 -c -fmessage-length=0 -MT"src/display_demo.o" -mcpu=cortex-a9 -mfpu=vfpv3 -mfloat-abi=hard -I../../an5642_test_bsp/ps7_cortexa9_0/include -MMD -MP -MF"src/display_demo.d" -MT"src/display_demo.o" -o "src/display_demo.o" "../src/display_demo.c"
In file included from ../src/tyb.h:42:0,
                 from ../src/display_demo.c:13:
../../an5642_test_bsp/ps7_cortexa9_0/include/xtime_l.h:87:9: note: #pragma message: For the sleep routines, Global timer is being used
 #pragma message ("For the sleep routines, Global timer is being used")
         ^~~~~~~
../src/display_demo.c: In function 'main':
../src/display_demo.c:125:65: warning: passing argument 5 of 'vdma_write_init' makes integer from pointer without a cast [-Wint-conversion]
  vdma_write_init(XPAR_AXIVDMA_1_DEVICE_ID,1280 * 3,720,1280 * 3,pFrames[0]);
                                                                 ^~~~~~~
In file included from ../src/tyb.h:25:0,
                 from ../src/display_demo.c:13:
../src/vdma.h:9:5: note: expected 'unsigned int' but argument is of type 'u8 * {aka unsigned char *}'
 int vdma_write_init(short DeviceID,short HoriSizeInput,short VertSizeInput,short Stride,unsigned int FrameStoreStartAddr);
     ^~~~~~~~~~~~~~~
../src/display_demo.c:284:24: warning: passing argument 2 of 'rgb2grey' from incompatible pointer type [-Wincompatible-pointer-types]
    rgb2grey(pFrames[0],tar_small_pic);
                        ^~~~~~~~~~~~~
In file included from ../src/display_demo.c:13:0:
../src/tyb.h:101:6: note: expected 'float ***' but argument is of type 'float (*)[240][240]'
 void rgb2grey(u8 *img,float ***dst);
      ^~~~~~~~
../src/display_demo.c:60:11: warning: unused variable 'j' [-Wunused-variable]
     int i,j;
           ^
../src/display_demo.c:56:28: warning: unused variable 'pixel_index' [-Wunused-variable]
  int step_img_x,step_img_y,pixel_index;
                            ^~~~~~~~~~~
../src/display_demo.c:56:17: warning: unused variable 'step_img_y' [-Wunused-variable]
  int step_img_x,step_img_y,pixel_index;
                 ^~~~~~~~~~
../src/display_demo.c:56:6: warning: unused variable 'step_img_x' [-Wunused-variable]
  int step_img_x,step_img_y,pixel_index;
      ^~~~~~~~~~
'Finished building: ../src/display_demo.c'
' '
'Building file: ../src/tyb.c'
'Invoking: ARM v7 gcc compiler'
arm-none-eabi-gcc -Wall -O0 -g3 -c -fmessage-length=0 -MT"src/tyb.o" -mcpu=cortex-a9 -mfpu=vfpv3 -mfloat-abi=hard -I../../an5642_test_bsp/ps7_cortexa9_0/include -MMD -MP -MF"src/tyb.d" -MT"src/tyb.o" -o "src/tyb.o" "../src/tyb.c"
In file included from ../src/tyb.h:42:0,
                 from ../src/tyb.c:9:
../../an5642_test_bsp/ps7_cortexa9_0/include/xtime_l.h:87:9: note: #pragma message: For the sleep routines, Global timer is being used
 #pragma message ("For the sleep routines, Global timer is being used")
         ^~~~~~~
../src/tyb.c:229:33: warning: missing braces around initializer [-Wmissing-braces]
 float conv1_result[6][119][119]={0.0};
                                 ^
                                  {
                                  {  }
                                     }
../src/tyb.c:230:31: warning: missing braces around initializer [-Wmissing-braces]
 float conv2_result[6][58][58]={0.0};
                               ^
                                {
                                {  }
                                   }
../src/tyb.c:231:31: warning: missing braces around initializer [-Wmissing-braces]
 float conv3_result[8][56][56]={0.0};
                               ^
                                {
                                {  }
                                   }
../src/tyb.c:232:32: warning: missing braces around initializer [-Wmissing-braces]
 float conv4_result[10][54][54]={0.0};
                                ^
                                 {
                                 {  }
                                    }
../src/tyb.c: In function 'hls_core_1_Exception':
../src/tyb.c:282:8: warning: variable 'average' set but not used [-Wunused-but-set-variable]
  float average;
        ^~~~~~~
../src/tyb.c: In function 'conv1_Exception':
../src/tyb.c:327:7: warning: unused variable 'cout' [-Wunused-variable]
   int cout=6;
       ^~~~
../src/tyb.c:326:7: warning: unused variable 'wh' [-Wunused-variable]
   int wh=13;
       ^~
../src/tyb.c:325:9: warning: unused variable 'j' [-Wunused-variable]
   int i,j=0;
         ^
../src/tyb.c:325:7: warning: unused variable 'i' [-Wunused-variable]
   int i,j=0;
       ^
../src/tyb.c:323:9: warning: variable 'average' set but not used [-Wunused-but-set-variable]
   float average;
         ^~~~~~~
../src/tyb.c: In function 'conv2_Exception':
../src/tyb.c:357:37: warning: passing argument 1 of 'XConv1_InterruptGetStatus' from incompatible pointer type [-Wincompatible-pointer-types]
   state = XConv1_InterruptGetStatus(pXAverageInstance);
                                     ^~~~~~~~~~~~~~~~~
In file included from ../src/tyb.h:32:0,
                 from ../src/tyb.c:9:
../../an5642_test_bsp/ps7_cortexa9_0/include/xconv1.h:106:5: note: expected 'XConv1 * {aka struct <anonymous> *}' but argument is of type 'XConv2 * {aka struct <anonymous> *}'
 u32 XConv1_InterruptGetStatus(XConv1 *InstancePtr);
     ^~~~~~~~~~~~~~~~~~~~~~~~~
../src/tyb.c:356:7: warning: unused variable 'cout' [-Wunused-variable]
   int cout=6;
       ^~~~
../src/tyb.c:355:7: warning: unused variable 'wh' [-Wunused-variable]
   int wh=11;
       ^~
../src/tyb.c:354:9: warning: unused variable 'j' [-Wunused-variable]
   int i,j=0;
         ^
../src/tyb.c:354:7: warning: unused variable 'i' [-Wunused-variable]
   int i,j=0;
       ^
../src/tyb.c:352:9: warning: variable 'average' set but not used [-Wunused-but-set-variable]
   float average;
         ^~~~~~~
../src/tyb.c: In function 'conv3_Exception':
../src/tyb.c:381:7: warning: unused variable 'cout' [-Wunused-variable]
   int cout=6;
       ^~~~
../src/tyb.c:380:7: warning: unused variable 'wh' [-Wunused-variable]
   int wh=13;
       ^~
../src/tyb.c:379:9: warning: unused variable 'j' [-Wunused-variable]
   int i,j=0;
         ^
../src/tyb.c:379:7: warning: unused variable 'i' [-Wunused-variable]
   int i,j=0;
       ^
../src/tyb.c:377:9: warning: variable 'average' set but not used [-Wunused-but-set-variable]
   float average;
         ^~~~~~~
../src/tyb.c: In function 'conv4_Exception':
../src/tyb.c:405:7: warning: unused variable 'cout' [-Wunused-variable]
   int cout=3;
       ^~~~
../src/tyb.c:404:7: warning: unused variable 'wh' [-Wunused-variable]
   int wh=7;
       ^~
../src/tyb.c:403:9: warning: unused variable 'j' [-Wunused-variable]
   int i,j=0;
         ^
../src/tyb.c:403:7: warning: unused variable 'i' [-Wunused-variable]
   int i,j=0;
       ^
../src/tyb.c:401:9: warning: variable 'average' set but not used [-Wunused-but-set-variable]
   float average;
         ^~~~~~~
../src/tyb.c: In function 'tyb_display':
../src/tyb.c:463:6: warning: variable 'real_w_h' set but not used [-Wunused-but-set-variable]
  int real_w_h;
      ^~~~~~~~
../src/tyb.c: In function 'tyb_display2':
../src/tyb.c:480:12: warning: unused variable 'o' [-Wunused-variable]
  int i,j,p,o=0;
            ^
../src/tyb.c:480:10: warning: unused variable 'p' [-Wunused-variable]
  int i,j,p,o=0;
          ^
../src/tyb.c: In function 'tyb_display3':
../src/tyb.c:495:12: warning: unused variable 'o' [-Wunused-variable]
  int i,j,p,o=0;
            ^
../src/tyb.c:495:10: warning: unused variable 'p' [-Wunused-variable]
  int i,j,p,o=0;
          ^
../src/tyb.c: In function 'rgb2grey':
../src/tyb.c:516:5: warning: unused variable 'count' [-Wunused-variable]
 int count=0;
     ^~~~~
../src/tyb.c:514:7: warning: variable 'out_pixel' set but not used [-Wunused-but-set-variable]
 float out_pixel=0;
       ^~~~~~~~~
../src/tyb.c:513:12: warning: unused variable 'o' [-Wunused-variable]
  int i,j,p,o=0;
            ^
../src/tyb.c:513:10: warning: unused variable 'p' [-Wunused-variable]
  int i,j,p,o=0;
          ^
'Finished building: ../src/tyb.c'
' '
'Building target: an5642_test.elf'
'Invoking: ARM v7 gcc linker'
arm-none-eabi-gcc -mcpu=cortex-a9 -mfpu=vfpv3 -mfloat-abi=hard -Wl,-build-id=none -specs=Xilinx.spec -Wl,-T -Wl,../src/lscript.ld -L../../an5642_test_bsp/ps7_cortexa9_0/lib -o "an5642_test.elf"  ./src/i2c/PS_i2c.o  ./src/dynclk/dynclk.o  ./src/display_ctrl/display_ctrl.o  ./src/display_demo.o ./src/ov5640.o ./src/tyb.o ./src/vdma.o   -Wl,--start-group,-lxil,-lgcc,-lc,--end-group
'Finished building target: an5642_test.elf'
' '
'Invoking: ARM v7 Print Size'
arm-none-eabi-size an5642_test.elf  |tee "an5642_test.elf.size"
   text	   data	    bss	    dec	    hex	filename
 135660	  26496	38378240	38540396	24c146c	an5642_test.elf
'Finished building: an5642_test.elf.size'
' '
11:16:22 **** Auto Build of configuration Debug for project an5642_test ****
make pre-build main-build 
a9-linaro-pre-build-step
' '
'Building file: ../src/tyb.c'
'Invoking: ARM v7 gcc compiler'
arm-none-eabi-gcc -Wall -O0 -g3 -c -fmessage-length=0 -MT"src/tyb.o" -mcpu=cortex-a9 -mfpu=vfpv3 -mfloat-abi=hard -I../../an5642_test_bsp/ps7_cortexa9_0/include -MMD -MP -MF"src/tyb.d" -MT"src/tyb.o" -o "src/tyb.o" "../src/tyb.c"
In file included from ../src/tyb.h:42:0,
                 from ../src/tyb.c:9:
../../an5642_test_bsp/ps7_cortexa9_0/include/xtime_l.h:87:9: note: #pragma message: For the sleep routines, Global timer is being used
 #pragma message ("For the sleep routines, Global timer is being used")
         ^~~~~~~
../src/tyb.c:229:33: warning: missing braces around initializer [-Wmissing-braces]
 float conv1_result[6][119][119]={0.0};
                                 ^
                                  {
                                  {  }
                                     }
../src/tyb.c:230:31: warning: missing braces around initializer [-Wmissing-braces]
 float conv2_result[6][58][58]={0.0};
                               ^
                                {
                                {  }
                                   }
../src/tyb.c:231:31: warning: missing braces around initializer [-Wmissing-braces]
 float conv3_result[8][56][56]={0.0};
                               ^
                                {
                                {  }
                                   }
../src/tyb.c:232:32: warning: missing braces around initializer [-Wmissing-braces]
 float conv4_result[10][54][54]={0.0};
                                ^
                                 {
                                 {  }
                                    }
../src/tyb.c: In function 'hls_core_1_Exception':
../src/tyb.c:282:8: warning: variable 'average' set but not used [-Wunused-but-set-variable]
  float average;
        ^~~~~~~
../src/tyb.c: In function 'conv1_Exception':
../src/tyb.c:327:7: warning: unused variable 'cout' [-Wunused-variable]
   int cout=6;
       ^~~~
../src/tyb.c:326:7: warning: unused variable 'wh' [-Wunused-variable]
   int wh=13;
       ^~
../src/tyb.c:325:9: warning: unused variable 'j' [-Wunused-variable]
   int i,j=0;
         ^
../src/tyb.c:325:7: warning: unused variable 'i' [-Wunused-variable]
   int i,j=0;
       ^
../src/tyb.c:323:9: warning: variable 'average' set but not used [-Wunused-but-set-variable]
   float average;
         ^~~~~~~
../src/tyb.c: In function 'conv2_Exception':
../src/tyb.c:357:37: warning: passing argument 1 of 'XConv1_InterruptGetStatus' from incompatible pointer type [-Wincompatible-pointer-types]
   state = XConv1_InterruptGetStatus(pXAverageInstance);
                                     ^~~~~~~~~~~~~~~~~
In file included from ../src/tyb.h:32:0,
                 from ../src/tyb.c:9:
../../an5642_test_bsp/ps7_cortexa9_0/include/xconv1.h:106:5: note: expected 'XConv1 * {aka struct <anonymous> *}' but argument is of type 'XConv2 * {aka struct <anonymous> *}'
 u32 XConv1_InterruptGetStatus(XConv1 *InstancePtr);
     ^~~~~~~~~~~~~~~~~~~~~~~~~
../src/tyb.c:356:7: warning: unused variable 'cout' [-Wunused-variable]
   int cout=6;
       ^~~~
../src/tyb.c:355:7: warning: unused variable 'wh' [-Wunused-variable]
   int wh=11;
       ^~
../src/tyb.c:354:9: warning: unused variable 'j' [-Wunused-variable]
   int i,j=0;
         ^
../src/tyb.c:354:7: warning: unused variable 'i' [-Wunused-variable]
   int i,j=0;
       ^
../src/tyb.c:352:9: warning: variable 'average' set but not used [-Wunused-but-set-variable]
   float average;
         ^~~~~~~
../src/tyb.c: In function 'conv3_Exception':
../src/tyb.c:381:7: warning: unused variable 'cout' [-Wunused-variable]
   int cout=6;
       ^~~~
../src/tyb.c:380:7: warning: unused variable 'wh' [-Wunused-variable]
   int wh=13;
       ^~
../src/tyb.c:379:9: warning: unused variable 'j' [-Wunused-variable]
   int i,j=0;
         ^
../src/tyb.c:379:7: warning: unused variable 'i' [-Wunused-variable]
   int i,j=0;
       ^
../src/tyb.c:377:9: warning: variable 'average' set but not used [-Wunused-but-set-variable]
   float average;
         ^~~~~~~
../src/tyb.c: In function 'conv4_Exception':
../src/tyb.c:405:7: warning: unused variable 'cout' [-Wunused-variable]
   int cout=3;
       ^~~~
../src/tyb.c:404:7: warning: unused variable 'wh' [-Wunused-variable]
   int wh=7;
       ^~
../src/tyb.c:403:9: warning: unused variable 'j' [-Wunused-variable]
   int i,j=0;
         ^
../src/tyb.c:403:7: warning: unused variable 'i' [-Wunused-variable]
   int i,j=0;
       ^
../src/tyb.c:401:9: warning: variable 'average' set but not used [-Wunused-but-set-variable]
   float average;
         ^~~~~~~
../src/tyb.c: In function 'tyb_display':
../src/tyb.c:463:6: warning: variable 'real_w_h' set but not used [-Wunused-but-set-variable]
  int real_w_h;
      ^~~~~~~~
../src/tyb.c: In function 'tyb_display2':
../src/tyb.c:480:12: warning: unused variable 'o' [-Wunused-variable]
  int i,j,p,o=0;
            ^
../src/tyb.c:480:10: warning: unused variable 'p' [-Wunused-variable]
  int i,j,p,o=0;
          ^
../src/tyb.c: In function 'tyb_display3':
../src/tyb.c:495:12: warning: unused variable 'o' [-Wunused-variable]
  int i,j,p,o=0;
            ^
../src/tyb.c:495:10: warning: unused variable 'p' [-Wunused-variable]
  int i,j,p,o=0;
          ^
../src/tyb.c: In function 'rgb2grey':
../src/tyb.c:516:5: warning: unused variable 'count' [-Wunused-variable]
 int count=0;
     ^~~~~
../src/tyb.c:513:12: warning: unused variable 'o' [-Wunused-variable]
  int i,j,p,o=0;
            ^
../src/tyb.c:513:10: warning: unused variable 'p' [-Wunused-variable]
  int i,j,p,o=0;
          ^
'Finished building: ../src/tyb.c'
' '
'Building target: an5642_test.elf'
'Invoking: ARM v7 gcc linker'
arm-none-eabi-gcc -mcpu=cortex-a9 -mfpu=vfpv3 -mfloat-abi=hard -Wl,-build-id=none -specs=Xilinx.spec -Wl,-T -Wl,../src/lscript.ld -L../../an5642_test_bsp/ps7_cortexa9_0/lib -o "an5642_test.elf"  ./src/i2c/PS_i2c.o  ./src/dynclk/dynclk.o  ./src/display_ctrl/display_ctrl.o  ./src/display_demo.o ./src/ov5640.o ./src/tyb.o ./src/vdma.o   -Wl,--start-group,-lxil,-lgcc,-lc,--end-group
'Finished building target: an5642_test.elf'
' '
'Invoking: ARM v7 Print Size'
arm-none-eabi-size an5642_test.elf  |tee "an5642_test.elf.size"
   text	   data	    bss	    dec	    hex	filename
 135724	  26496	38378240	38540460	24c14ac	an5642_test.elf
'Finished building: an5642_test.elf.size'
' '
16:25:19 **** Auto Build of configuration Debug for project an5642_test ****
make pre-build main-build 
a9-linaro-pre-build-step
' '
'Building file: ../src/display_demo.c'
'Invoking: ARM v7 gcc compiler'
arm-none-eabi-gcc -Wall -O0 -g3 -c -fmessage-length=0 -MT"src/display_demo.o" -mcpu=cortex-a9 -mfpu=vfpv3 -mfloat-abi=hard -I../../an5642_test_bsp/ps7_cortexa9_0/include -MMD -MP -MF"src/display_demo.d" -MT"src/display_demo.o" -o "src/display_demo.o" "../src/display_demo.c"
In file included from ../src/tyb.h:42:0,
                 from ../src/display_demo.c:13:
../../an5642_test_bsp/ps7_cortexa9_0/include/xtime_l.h:87:9: note: #pragma message: For the sleep routines, Global timer is being used
 #pragma message ("For the sleep routines, Global timer is being used")
         ^~~~~~~
../src/display_demo.c: In function 'main':
../src/display_demo.c:125:65: warning: passing argument 5 of 'vdma_write_init' makes integer from pointer without a cast [-Wint-conversion]
  vdma_write_init(XPAR_AXIVDMA_1_DEVICE_ID,1280 * 3,720,1280 * 3,pFrames[0]);
                                                                 ^~~~~~~
In file included from ../src/tyb.h:25:0,
                 from ../src/display_demo.c:13:
../src/vdma.h:9:5: note: expected 'unsigned int' but argument is of type 'u8 * {aka unsigned char *}'
 int vdma_write_init(short DeviceID,short HoriSizeInput,short VertSizeInput,short Stride,unsigned int FrameStoreStartAddr);
     ^~~~~~~~~~~~~~~
../src/display_demo.c:259:24: warning: passing argument 2 of 'rgb2grey' from incompatible pointer type [-Wincompatible-pointer-types]
    rgb2grey(pFrames[0],tar_small_pic);
                        ^~~~~~~~~~~~~
In file included from ../src/display_demo.c:13:0:
../src/tyb.h:101:6: note: expected 'float ***' but argument is of type 'float (*)[240][240]'
 void rgb2grey(u8 *img,float ***dst);
      ^~~~~~~~
../src/display_demo.c:265:17: warning: format '%f' expects argument of type 'double', but argument 2 has type 'float (*)[240]' [-Wformat=]
      printf("%.1f ",tar_small_pic[i*28+j]);
              ~~~^   ~~~~~~~~~~~~~
../src/display_demo.c:56:28: warning: unused variable 'pixel_index' [-Wunused-variable]
  int step_img_x,step_img_y,pixel_index;
                            ^~~~~~~~~~~
../src/display_demo.c:56:17: warning: unused variable 'step_img_y' [-Wunused-variable]
  int step_img_x,step_img_y,pixel_index;
                 ^~~~~~~~~~
../src/display_demo.c:56:6: warning: unused variable 'step_img_x' [-Wunused-variable]
  int step_img_x,step_img_y,pixel_index;
      ^~~~~~~~~~
'Finished building: ../src/display_demo.c'
' '
'Building target: an5642_test.elf'
'Invoking: ARM v7 gcc linker'
arm-none-eabi-gcc -mcpu=cortex-a9 -mfpu=vfpv3 -mfloat-abi=hard -Wl,-build-id=none -specs=Xilinx.spec -Wl,-T -Wl,../src/lscript.ld -L../../an5642_test_bsp/ps7_cortexa9_0/lib -o "an5642_test.elf"  ./src/i2c/PS_i2c.o  ./src/dynclk/dynclk.o  ./src/display_ctrl/display_ctrl.o  ./src/display_demo.o ./src/ov5640.o ./src/tyb.o ./src/vdma.o   -Wl,--start-group,-lxil,-lgcc,-lc,--end-group
'Finished building target: an5642_test.elf'
' '
'Invoking: ARM v7 Print Size'
arm-none-eabi-size an5642_test.elf  |tee "an5642_test.elf.size"
   text	   data	    bss	    dec	    hex	filename
 135804	  26496	38378240	38540540	24c14fc	an5642_test.elf
'Finished building: an5642_test.elf.size'
' '
16:26:12 **** Auto Build of configuration Debug for project an5642_test ****
make pre-build main-build 
a9-linaro-pre-build-step
' '
'Building file: ../src/display_demo.c'
'Invoking: ARM v7 gcc compiler'
arm-none-eabi-gcc -Wall -O0 -g3 -c -fmessage-length=0 -MT"src/display_demo.o" -mcpu=cortex-a9 -mfpu=vfpv3 -mfloat-abi=hard -I../../an5642_test_bsp/ps7_cortexa9_0/include -MMD -MP -MF"src/display_demo.d" -MT"src/display_demo.o" -o "src/display_demo.o" "../src/display_demo.c"
In file included from ../src/tyb.h:42:0,
                 from ../src/display_demo.c:13:
../../an5642_test_bsp/ps7_cortexa9_0/include/xtime_l.h:87:9: note: #pragma message: For the sleep routines, Global timer is being used
 #pragma message ("For the sleep routines, Global timer is being used")
         ^~~~~~~
../src/display_demo.c: In function 'main':
../src/display_demo.c:125:65: warning: passing argument 5 of 'vdma_write_init' makes integer from pointer without a cast [-Wint-conversion]
  vdma_write_init(XPAR_AXIVDMA_1_DEVICE_ID,1280 * 3,720,1280 * 3,pFrames[0]);
                                                                 ^~~~~~~
In file included from ../src/tyb.h:25:0,
                 from ../src/display_demo.c:13:
../src/vdma.h:9:5: note: expected 'unsigned int' but argument is of type 'u8 * {aka unsigned char *}'
 int vdma_write_init(short DeviceID,short HoriSizeInput,short VertSizeInput,short Stride,unsigned int FrameStoreStartAddr);
     ^~~~~~~~~~~~~~~
../src/display_demo.c:246:17: warning: format '%f' expects argument of type 'double', but argument 2 has type 'int' [-Wformat=]
      printf("%.1f ",1);
              ~~~^
              %.1d
../src/display_demo.c:56:28: warning: unused variable 'pixel_index' [-Wunused-variable]
  int step_img_x,step_img_y,pixel_index;
                            ^~~~~~~~~~~
../src/display_demo.c:56:17: warning: unused variable 'step_img_y' [-Wunused-variable]
  int step_img_x,step_img_y,pixel_index;
                 ^~~~~~~~~~
../src/display_demo.c:56:6: warning: unused variable 'step_img_x' [-Wunused-variable]
  int step_img_x,step_img_y,pixel_index;
      ^~~~~~~~~~
'Finished building: ../src/display_demo.c'
' '
'Building target: an5642_test.elf'
'Invoking: ARM v7 gcc linker'
arm-none-eabi-gcc -mcpu=cortex-a9 -mfpu=vfpv3 -mfloat-abi=hard -Wl,-build-id=none -specs=Xilinx.spec -Wl,-T -Wl,../src/lscript.ld -L../../an5642_test_bsp/ps7_cortexa9_0/lib -o "an5642_test.elf"  ./src/i2c/PS_i2c.o  ./src/dynclk/dynclk.o  ./src/display_ctrl/display_ctrl.o  ./src/display_demo.o ./src/ov5640.o ./src/tyb.o ./src/vdma.o   -Wl,--start-group,-lxil,-lgcc,-lc,--end-group
'Finished building target: an5642_test.elf'
' '
'Invoking: ARM v7 Print Size'
arm-none-eabi-size an5642_test.elf  |tee "an5642_test.elf.size"
   text	   data	    bss	    dec	    hex	filename
 135676	  26496	38378240	38540412	24c147c	an5642_test.elf
'Finished building: an5642_test.elf.size'
' '
